    time     gap  src>dst   cmd   reg   len  ok
   0.053    0.0ms  21>20     64    00    7    ok
   0.054    0.0ms  20>21     64    00    6    ok
   0.054    0.0ms  21>20     65    00    5    ok
   0.105   51.1ms  21>20     65    00    5    ok
   0.105    0.0ms  21>20     65    00    5    ok
   0.105    0.0ms  21>20     65    00    5    ok
   0.157  103.5ms  21>20     64    00    7    ok
   0.157  103.5ms  20>21     64    00    6    ok
   0.157   52.3ms  21>20     65    00    5    ok
   0.157    0.0ms  21>20     65    00    5    ok
   0.209   52.3ms  21>20     65    00    5    ok
   0.209    0.0ms  21>20     65    00    5    ok
   0.260  103.1ms  21>20     64    00    7    ok
   0.260  103.1ms  20>21     64    00    6    ok
   0.260   50.7ms  21>20     65    00    5    ok
   0.260    0.0ms  21>20     65    00    5    ok
   0.313   52.4ms  21>20     65    00    5    ok
   0.313    0.0ms  21>20     65    00    5    ok
   0.363  102.8ms  21>20     64    00    7    ok
   0.363  102.8ms  20>21     64    00    6    ok
   0.363   50.4ms  21>20     65    00    5    ok
   0.363    0.0ms  21>20     65    00    5    ok
   0.415   52.3ms  21>20     65    00    5    ok
   0.415    0.0ms  21>20     65    00    5    ok
   0.466  102.6ms  21>20     64    00    7    ok
   0.466  102.7ms  20>21     64    00    6    ok
   0.466   50.3ms  21>20     65    00    5    ok
   0.466    0.0ms  21>20     65    00    5    ok
   0.517   51.5ms  21>20     65    00    5    ok
   0.517    0.0ms  21>20     65    00    5    ok
   0.568  102.6ms  21>20     64    00    7    ok
   0.568  102.6ms  20>21     64    00    6    ok
   0.568   51.1ms  21>20     65    00    5    ok
   0.568    0.0ms  21>20     65    00    5    ok
   0.618   50.2ms  21>20     65    00    5    ok
   0.618    0.0ms  21>20     65    00    5    ok
   0.619   50.4ms  21>20     64    00    7    ok
   0.671  102.6ms  20>21     64    00    6    ok
   0.671   52.3ms  21>20     65    00    5    ok
   0.671    0.0ms  21>20     65    00    5    ok
   0.722   50.8ms  21>20     65    00    5    ok
   0.722    0.0ms  21>20     65    00    5    ok
   0.722  103.2ms  21>20     64    00    7    ok
   0.772  101.3ms  20>21     64    00    6    ok
   0.772   50.4ms  21>20     65    00    5    ok
   0.772    0.0ms  21>20     65    00    5    ok
   0.822   50.3ms  21>20     65    00    5    ok
   0.822    0.0ms  21>20     65    00    5    ok
   0.822  100.7ms  21>20     64    00    7    ok
   0.822   50.4ms  20>21     64    00    6    ok
   0.875   52.1ms  21>20     65    00    5    ok
   0.875    0.0ms  21>20     65    00    5    ok
   0.925   50.3ms  21>20     65    00    5    ok
   0.925    0.1ms  21>20     65    00    5    ok
   0.925  102.6ms  21>20     64    00    7    ok
   0.925  102.6ms  20>21     64    00    6    ok
   0.977   51.8ms  21>20     65    00    5    ok
   0.977    0.0ms  21>20     65    00    5    ok
   1.027   50.4ms  21>20     65    00    5    ok
   1.027    0.0ms  21>20     65    00    5    ok
   1.027  102.3ms  21>20     64    00    7    ok
   1.027  102.3ms  20>21     64    00    6    ok
   1.078   51.1ms  21>20     65    00    5    ok
   1.078    0.0ms  21>20     65    00    5    ok
   1.078    0.0ms  21>20     65    00    5    ok
   1.130   51.3ms  21>20     65    00    5    ok
   1.130  102.5ms  21>20     64    00    7    ok
   1.130  102.5ms  20>21     64    00    6    ok
   1.180   50.5ms  21>20     65    00    5    ok
   1.180    0.0ms  21>20     65    00    5    ok
   1.180    0.0ms  21>20     65    00    5    ok
   1.231   51.2ms  21>20     65    00    5    ok
   1.232  101.8ms  21>20     64    00    7    ok
   1.232  101.8ms  20>21     64    00    6    ok
   1.282   51.0ms  21>20     65    00    5    ok
   1.282    0.0ms  21>20     65    00    5    ok
   1.282    0.0ms  21>20     65    00    5    ok
   1.335   52.8ms  21>20     65    00    5    ok
   1.335  103.8ms  21>20     64    00    7    ok
   1.335  103.8ms  20>21     64    00    6    ok
   1.387   51.9ms  21>20     65    00    5    ok
   1.387    0.1ms  21>20     65    00    5    ok
   1.387    0.0ms  21>20     65    00    5    ok
   1.439   51.3ms  21>20     65    00    5    ok
   1.439  103.2ms  21>20     64    00    7    ok
   1.439  103.2ms  20>21     64    00    6    ok
   1.439    0.1ms  21>20     65    00    5    ok
   1.491   52.6ms  21>20     65    00    5    ok
   1.491    0.0ms  21>20     65    00    5    ok
   1.541   50.2ms  21>20     65    00    5    ok
   1.541  102.9ms  21>20     64    00    7    ok
   1.542  102.9ms  20>21     64    00    6    ok
   1.542    0.0ms  21>20     65    00    5    ok
   1.593   51.1ms  21>20     65    00    5    ok
   1.593    0.0ms  21>20     65    00    5    ok
   1.644   51.0ms  21>20     65    00    5    ok
   1.644  102.2ms  21>20     64    00    7    ok
   1.644  102.3ms  20>21     64    00    6    ok
   1.644    0.1ms  21>20     65    00    5    ok
   1.698   53.8ms  21>20     65    00    5    ok
   1.698    0.0ms  21>20     65    00    5    ok
   1.750   51.9ms  21>20     65    00    5    ok
   1.750  105.8ms  21>20     64    00    7    ok
   1.750  105.8ms  20>21     64    00    6    ok
   1.750    0.1ms  21>20     65    00    5    ok
   1.800   50.1ms  21>20     65    00    5    ok
   1.800    0.0ms  21>20     65    00    5    ok
   1.800    0.0ms  21>20     65    00    5    ok
   1.851  101.7ms  21>20     64    00    7    ok
   1.851  101.7ms  20>21     64    00    6    ok
   1.851   51.5ms  21>20     65    00    5    ok
   1.902   50.6ms  21>20     65    00    5    ok
   1.902    0.0ms  21>20     65    00    5    ok
   1.902    0.0ms  21>20     65    00    5    ok
   1.954  102.6ms  21>20     64    00    7    ok
   1.954  102.6ms  20>21     64    00    6    ok
   1.954   51.9ms  21>20     65    00    5    ok
   2.005   51.0ms  21>20     65    00    5    ok
   2.005    0.0ms  21>20     65    00    5    ok
   2.005    0.0ms  21>20     65    00    5    ok
   2.058  104.5ms  21>20     64    00    7    ok
   2.058  104.5ms  20>21     64    00    6    ok
   2.058   53.4ms  21>20     65    00    5    ok
   2.109   50.8ms  21>20     65    00    5    ok
   2.109    0.0ms  21>20     65    00    5    ok
   2.109    0.0ms  21>20     65    00    5    ok
   2.160  101.4ms  21>20     64    00    7    ok
   2.160  101.4ms  20>21     64    00    6    ok
   2.160   50.6ms  21>20     65    00    5    ok
   2.160    0.0ms  21>20     65    00    5    ok
   2.212   52.7ms  21>20     65    00    5    ok
   2.212    0.1ms  21>20     65    00    5    ok
   2.263  103.3ms  21>20     64    00    7    ok
   2.263  103.3ms  20>21     64    00    6    ok
   2.263   50.6ms  21>20     65    00    5    ok
   2.263    0.0ms  21>20     65    00    5    ok
   2.316   52.9ms  21>20     65    00    5    ok
   2.316    0.1ms  21>20     65    00    5    ok
   2.367  104.4ms  21>20     64    00    7    ok
   2.368  104.4ms  20>21     64    00    6    ok
   2.368   51.5ms  21>20     65    00    5    ok
   2.368    0.0ms  21>20     65    00    5    ok
   2.419   51.0ms  21>20     65    00    5    ok
   2.419    0.0ms  21>20     65    00    5    ok
   2.471  103.4ms  21>20     64    00    7    ok
   2.471  103.4ms  20>21     64    00    6    ok
   2.471   52.3ms  21>20     65    00    5    ok
   2.471    0.0ms  21>20     65    00    5    ok
   2.521   50.2ms  21>20     65    00    5    ok
   2.521    0.0ms  21>20     65    00    5    ok
   2.521   50.4ms  21>20     64    00    7    ok
   2.574  102.6ms  20>21     64    00    6    ok
   2.574   52.4ms  21>20     65    00    5    ok
   2.574    0.0ms  21>20     65    00    5    ok
   2.625   50.9ms  21>20     65    00    5    ok
   2.625    0.0ms  21>20     65    00    5    ok
   2.625  103.4ms  21>20     64    00    7    ok
   2.678  104.6ms  20>21     64    00    6    ok
   2.678   53.6ms  21>20     65    00    5    ok
   2.678    0.0ms  21>20     65    00    5    ok
   2.729   51.0ms  21>20     65    00    5    ok
   2.729    0.1ms  21>20     65    00    5    ok
   2.729  104.6ms  21>20     64    00    7    ok
   2.729   51.1ms  20>21     64    00    6    ok
   2.780   51.2ms  21>20     65    00    5    ok
   2.780    0.0ms  21>20     65    00    5    ok
   2.780    0.0ms  21>20     65    00    5    ok
   2.832   51.1ms  21>20     65    00    5    ok
   2.832  102.3ms  21>20     64    00    7    ok
   2.832  102.4ms  20>21     64    00    6    ok
   2.882   50.4ms  21>20     65    00    5    ok
   2.882    0.0ms  21>20     65    00    5    ok
   2.882    0.0ms  21>20     65    00    5    ok
   2.933   51.4ms  21>20     65    00    5    ok
   2.933  101.9ms  21>20     64    00    7    ok
   2.933  101.9ms  20>21     64    00    6    ok
   2.984   50.8ms  21>20     65    00    5    ok
   2.984    0.0ms  21>20     65    00    5    ok
   2.984    0.0ms  21>20     65    00    5    ok
   3.042   57.6ms  21>20     65    00    5    ok
   3.042  108.4ms  21>20     64    00    7    ok
   3.042  108.4ms  20>21     64    00    6    ok
   3.042    0.0ms  21>20     65    00    5    ok
   3.093   50.9ms  21>20     65    00    5    ok
   3.093    0.0ms  21>20     65    00    5    ok
   3.143   50.2ms  21>20     65    00    5    ok
   3.143  101.2ms  21>20     64    00    7    ok
   3.143  101.2ms  20>21     64    00    6    ok
   3.143    0.0ms  21>20     65    00    5    ok
   3.196   53.1ms  21>20     65    00    5    ok
   3.196    0.0ms  21>20     65    00    5    ok
   3.248   51.4ms  21>20     65    00    5    ok
   3.248  104.6ms  21>20     64    00    7    ok
   3.248  104.6ms  20>21     64    00    6    ok
   3.248    0.0ms  21>20     65    00    5    ok
   3.301   53.3ms  21>20     65    00    5    ok
   3.301    0.0ms  21>20     65    00    5    ok
   3.352   50.6ms  21>20     65    00    5    ok
   3.352  104.0ms  21>20     64    00    7    ok
   3.352  104.0ms  20>21     64    00    6    ok
   3.352    0.1ms  21>20     65    00    5    ok
   3.402   50.3ms  21>20     65    00    5    ok
   3.402    0.0ms  21>20     65    00    5    ok
   3.402    0.0ms  21>20     65    00    5    ok
   3.455  103.1ms  21>20     64    00    7    ok
   3.455  103.1ms  20>21     64    00    6    ok
   3.455   52.8ms  21>20     65    00    5    ok
   3.506   50.9ms  21>20     65    00    5    ok
   3.506    0.0ms  21>20     65    00    5    ok
   3.506    0.0ms  21>20     65    00    5    ok
   3.558  103.6ms  21>20     64    00    7    ok
   3.558  103.7ms  20>21     64    00    6    ok
   3.558   52.8ms  21>20     65    00    5    ok
   3.609   50.5ms  21>20     65    00    5    ok
   3.609    0.1ms  21>20     65    00    5    ok
   3.609    0.0ms  21>20     65    00    5    ok
   3.662  103.4ms  21>20     64    00    7    ok
   3.662  103.4ms  20>21     64    00    6    ok
   3.662   52.8ms  21>20     65    00    5    ok
   3.662    0.0ms  21>20     65    00    5    ok
   3.713   51.1ms  21>20     65    00    5    ok
   3.713    0.0ms  21>20     65    00    5    ok
   3.763  101.5ms  21>20     64    00    7    ok
   3.763  101.5ms  20>21     64    00    6    ok
   3.763   50.4ms  21>20     65    00    5    ok
   3.763    0.0ms  21>20     65    00    5    ok
   3.814   50.2ms  21>20     65    00    5    ok
   3.814    0.0ms  21>20     65    00    5    ok
   3.864  100.4ms  21>20     64    00    7    ok
   3.864  100.4ms  20>21     64    00    6    ok
   3.864   50.1ms  21>20     65    00    5    ok
   3.864    0.0ms  21>20     65    00    5    ok
   3.917   52.9ms  21>20     65    00    5    ok
   3.917    0.0ms  21>20     65    00    5    ok
   3.968  103.8ms  21>20     64    00    7    ok
   3.968  103.9ms  20>21     64    00    6    ok
   3.968   51.0ms  21>20     65    00    5    ok
   3.968    0.0ms  21>20     65    00    5    ok
   4.021   53.8ms  21>20     65    00    5    ok
   4.072   50.9ms  21>20     65    04    5    BAD
   4.072  104.8ms  20>21     64    00    6    ok
   4.072    0.1ms  21>20     65    00    5    ok
   4.072    0.0ms  21>20     65    00    5    ok
   4.123   50.3ms  21>20     65    00    5    ok
   4.123    0.0ms  21>20     65    00    5    ok
   4.123  155.2ms  21>20     64    00    7    ok
   4.175  103.1ms  20>21     64    00    6    ok
   4.175   52.7ms  21>20     65    00    5    ok
   4.175    0.0ms  21>20     65    00    5    ok
   4.226   50.6ms  21>20     65    00    5    ok
   4.226    0.0ms  21>20     65    00    5    ok
   4.226  103.4ms  21>20     64    00    7    ok
   4.226   50.7ms  20>21     64    00    6    ok
   4.278   52.0ms  21>20     65    00    5    ok
   4.278    0.1ms  21>20     65    00    5    ok
   4.329   50.9ms  21>20     65    00    5    ok
   4.329    0.0ms  21>20     65    00    5    ok
   4.329  103.0ms  21>20     64    00    7    ok
   4.329  103.0ms  20>21     64    00    6    ok
   4.379   50.2ms  21>20     65    00    5    ok
   4.379    0.0ms  21>20     65    00    5    ok
   4.431   51.7ms  21>20     65    00    5    ok
   4.431    0.0ms  21>20     65    00    5    ok
   4.431  102.0ms  21>20     64    00    7    ok
   4.483  153.8ms  20>21     64    00    6    ok
   4.483   51.9ms  21>20     65    00    5    ok
   4.483    0.0ms  21>20     65    00    5    ok
   4.483    0.0ms  21>20     65    00    5    ok
   4.535   51.6ms  21>20     65    00    5    ok
   4.535  103.5ms  21>20     64    00    7    ok
   4.535   51.7ms  20>21     64    00    6    ok
   4.585   50.6ms  21>20     65    00    5    ok
   4.585    0.0ms  21>20     65    00    5    ok
   4.585    0.0ms  21>20     65    00    5    ok
   4.637   51.6ms  21>20     65    00    5    ok
   4.637  102.3ms  21>20     64    00    7    ok
   4.637  102.2ms  20>21     64    00    6    ok
   4.688   51.0ms  21>20     65    00    5    ok
   4.688    0.0ms  21>20     65    00    5    ok
   4.688    0.0ms  21>20     65    00    5    ok
   4.739   51.2ms  21>20     65    00    5    ok
   4.739  102.3ms  21>20     64    00    7    ok
   4.739  102.3ms  20>21     64    00    6    ok
   4.790   50.7ms  21>20     65    00    5    ok
   4.790    0.0ms  21>20     65    00    5    ok
   4.790    0.0ms  21>20     65    00    5    ok
   4.841   51.3ms  21>20     65    00    5    ok
   4.841  102.1ms  21>20     64    00    7    ok
   4.841  102.1ms  20>21     64    00    6    ok
   4.893   51.4ms  21>20     65    00    5    ok
   4.893    0.0ms  21>20     65    00    5    ok
   4.893    0.0ms  21>20     65    00    5    ok
   4.943   50.8ms  21>20     65    00    5    ok
   4.944  102.2ms  21>20     64    00    7    ok
   4.944  102.2ms  20>21     64    00    6    ok
   4.944    0.0ms  21>20     65    00    5    ok
   4.996   52.3ms  21>20     65    00    5    ok
   4.996    0.0ms  21>20     65    00    5    ok
   5.046   50.6ms  21>20     65    00    5    ok
   5.046  102.9ms  21>20     64    00    7    ok
   5.046  102.9ms  20>21     64    00    6    ok
   5.046    0.1ms  21>20     65    00    5    ok
   5.100   53.3ms  21>20     65    00    5    ok
   5.100    0.0ms  21>20     65    00    5    ok
   5.150   50.3ms  21>20     65    00    5    ok
   5.150  103.7ms  21>20     64    00    7    ok
   5.150  103.7ms  20>21     64    00    6    ok
   5.150    0.1ms  21>20     65    00    5    ok
   5.203   53.2ms  21>20     65    00    5    ok
   5.203    0.0ms  21>20     65    00    5    ok
   5.255   51.1ms  21>20     65    00    5    ok
   5.255  104.5ms  21>20     64    00    7    ok
   5.255  104.5ms  20>21     64    00    6    ok
   5.255    0.1ms  21>20     65    00    5    ok
   5.305   50.1ms  21>20     65    00    5    ok
   5.305    0.0ms  21>20     65    00    5    ok
   5.305    0.0ms  21>20     65    00    5    ok
   5.357  102.7ms  21>20     64    00    7    ok
   5.357  102.7ms  20>21     64    00    6    ok
   5.357   52.6ms  21>20     65    00    5    ok
   5.408   50.9ms  21>20     65    00    5    ok
   5.408    0.1ms  21>20     65    00    5    ok
   5.408    0.0ms  21>20     65    00    5    ok
   5.460  103.1ms  21>20     64    00    7    ok
   5.460  103.1ms  20>21     64    00    6    ok
   5.461   52.1ms  21>20     65    00    5    ok
   5.512   51.5ms  21>20     65    00    5    ok
   5.512    0.0ms  21>20     65    00    5    ok
   5.512    0.0ms  21>20     65    00    5    ok
   5.564  103.9ms  21>20     64    00    7    ok
   5.564  103.9ms  20>21     64    00    6    ok
   5.564   52.3ms  21>20     65    00    5    ok
   5.564    0.0ms  21>20     65    00    5    ok
   5.617   52.5ms  21>20     65    00    5    ok
   5.617    0.1ms  21>20     65    00    5    ok
   5.668  103.3ms  21>20     64    00    7    ok
   5.668  103.3ms  20>21     64    00    6    ok
   5.668   50.7ms  21>20     65    00    5    ok
   5.668    0.0ms  21>20     65    00    5    ok
   5.720   52.7ms  21>20     65    00    5    ok
   5.720    0.0ms  21>20     65    00    5    ok
   5.772  104.3ms  21>20     64    00    7    ok
   5.772  104.3ms  20>21     64    00    6    ok
   5.772   51.5ms  21>20     65    00    5    ok
   5.772    0.0ms  21>20     65    00    5    ok
   5.825   53.0ms  21>20     65    00    5    ok
   5.825    0.0ms  21>20     65    00    5    ok
   5.825   53.1ms  21>20     64    00    7    ok
   5.878  105.6ms  20>21     64    00    6    ok
   5.878   52.7ms  21>20     65    00    5    ok
   5.878    0.0ms  21>20     65    00    5    ok
   5.928   50.7ms  21>20     65    00    5    ok
   5.928    0.0ms  21>20     65    00    5    ok
   5.928  103.4ms  21>20     64    00    7    ok
   5.981  103.3ms  20>21     64    00    6    ok
   5.981   52.5ms  21>20     65    00    5    ok
   5.981    0.0ms  21>20     65    00    5    ok
   6.031   50.4ms  21>20     65    00    5    ok
   6.031    0.0ms  21>20     65    00    5    ok
   6.031  102.9ms  21>20     64    00    7    ok
   6.031   50.4ms  20>21     64    00    6    ok
   6.085   53.8ms  21>20     65    00    5    ok
   6.085    0.0ms  21>20     65    00    5    ok
   6.085    0.0ms  21>20     65    00    5    ok
   6.136   50.4ms  21>20     65    00    5    ok
   6.136  104.3ms  21>20     64    00    7    ok
   6.136  104.3ms  20>21     64    00    6    ok
   6.186   50.2ms  21>20     65    00    5    ok
   6.186    0.0ms  21>20     65    00    5    ok
   6.186    0.0ms  21>20     65    00    5    ok
   6.237   50.8ms  21>20     65    00    5    ok
   6.237  101.0ms  21>20     64    00    7    ok
   6.237  101.0ms  20>21     64    00    6    ok
   6.287   50.3ms  21>20     65    00    5    ok
   6.287    0.1ms  21>20     65    00    5    ok
   6.287    0.0ms  21>20     65    00    5    ok
   6.338   51.5ms  21>20     65    00    5    ok
   6.338  101.9ms  21>20     64    00    7    ok
   6.339  101.9ms  20>21     64    00    6    ok
   6.389   50.9ms  21>20     65    00    5    ok
   6.389    0.0ms  21>20     65    00    5    ok
   6.389    0.0ms  21>20     65    00    5    ok
   6.441   51.7ms  21>20     65    00    5    ok
   6.441  102.7ms  21>20     64    00    7    ok
   6.441  102.7ms  20>21     64    00    6    ok
   6.492   51.2ms  21>20     65    00    5    ok
   6.492    0.0ms  21>20     65    00    5    ok
   6.492    0.0ms  21>20     65    00    5    ok
   6.543   50.7ms  21>20     65    00    5    ok
   6.543  101.9ms  21>20     64    00    7    ok
   6.543  101.9ms  20>21     64    00    6    ok
   6.595   52.0ms  21>20     65    00    5    ok
   6.595    0.0ms  21>20     65    00    5    ok
   6.595    0.0ms  21>20     65    00    5    ok
   6.646   51.0ms  21>20     65    00    5    ok
   6.646  103.0ms  21>20     64    00    7    ok
   6.646  103.0ms  20>21     64    00    6    ok
   6.646    0.1ms  21>20     65    00    5    ok
   6.698   52.0ms  21>20     65    00    5    ok
   6.698    0.0ms  21>20     65    00    5    ok
   6.749   50.6ms  21>20     65    00    5    ok
   6.749  102.7ms  21>20     64    00    7    ok
   6.749  102.6ms  20>21     64    00    6    ok
   6.749    0.0ms  21>20     65    00    5    ok
   6.802   53.2ms  21>20     65    00    5    ok
   6.802    0.0ms  21>20     65    00    5    ok
   6.854   51.6ms  21>20     65    00    5    ok
   6.854  104.9ms  21>20     64    00    7    ok
   6.854  104.9ms  20>21     64    00    6    ok
   6.854    0.1ms  21>20     65    00    5    ok
   6.905   51.7ms  21>20     65    00    5    ok
   6.905    0.0ms  21>20     65    00    5    ok
   6.958   52.3ms  21>20     65    00    5    ok
   6.958  104.2ms  21>20     64    00    7    ok
   6.958  104.2ms  20>21     64    00    6    ok
   6.958    0.0ms  21>20     65    00    5    ok
   7.008   50.4ms  21>20     65    00    5    ok
   7.008    0.0ms  21>20     65    00    5    ok
   7.008    0.0ms  21>20     65    00    5    ok
   7.059  101.5ms  21>20     64    00    7    ok
   7.059  101.5ms  20>21     64    00    6    ok
   7.059   51.1ms  21>20     65    00    5    ok
   7.110   50.8ms  21>20     65    00    5    ok
   7.110    0.0ms  21>20     65    00    5    ok
   7.110    0.0ms  21>20     65    00    5    ok
   7.162  103.2ms  21>20     64    00    7    ok
   7.163  103.2ms  20>21     64    00    6    ok
   7.163   52.4ms  21>20     65    00    5    ok
   7.214   51.1ms  21>20     65    00    5    ok
   7.214    0.0ms  21>20     65    00    5    ok
   7.214    0.0ms  21>20     65    00    5    ok
   7.267  104.5ms  21>20     64    00    7    ok
   7.267  104.5ms  20>21     64    00    6    ok
   7.267   53.3ms  21>20     65    00    5    ok
   7.267    0.0ms  21>20     65    00    5    ok
   7.319   52.1ms  21>20     65    00    5    ok
   7.319    0.0ms  21>20     65    00    5    ok
   7.370  102.8ms  21>20     64    00    7    ok
   7.370  102.8ms  20>21     64    00    6    ok
   7.370   50.7ms  21>20     65    00    5    ok
   7.370    0.0ms  21>20     65    00    5    ok
   7.423   53.1ms  21>20     65    00    5    ok
   7.423    0.0ms  21>20     65    00    5    ok
   7.475  104.7ms  21>20     64    00    7    ok
   7.475  104.7ms  20>21     64    00    6    ok
   7.475   51.5ms  21>20     65    00    5    ok
   7.475    0.0ms  21>20     65    00    5    ok
   7.528   53.0ms  21>20     65    00    5    ok
   7.528    0.0ms  21>20     65    00    5    ok
   7.528   53.2ms  21>20     64    00    7    ok
   7.580  105.7ms  20>21     64    00    6    ok
   7.580   52.6ms  21>20     65    00    5    ok
   7.580    0.0ms  21>20     65    00    5    ok
   7.631   50.7ms  21>20     65    00    5    ok
   7.631    0.1ms  21>20     65    00    5    ok
   7.631  103.4ms  21>20     64    00    7    ok
   7.684  104.2ms  20>21     64    00    6    ok
   7.684   53.4ms  21>20     65    00    5    ok
   7.684    0.0ms  21>20     65    00    5    ok
   7.735   50.2ms  21>20     65    00    5    ok
   7.735    0.0ms  21>20     65    00    5    ok
   7.735  103.7ms  21>20     64    00    7    ok
   7.735   50.4ms  20>21     64    00    6    ok
   7.786   51.1ms  21>20     65    00    5    ok
   7.786    0.0ms  21>20     65    00    5    ok
   7.837   51.2ms  21>20     65    00    5    ok
   7.837    0.0ms  21>20     65    00    5    ok
   7.837  102.4ms  21>20     64    00    7    ok
   7.837  102.4ms  20>21     64    00    6    ok
   7.888   50.8ms  21>20     65    00    5    ok
   7.888    0.0ms  21>20     65    00    5    ok
   7.888    0.0ms  21>20     65    00    5    ok
   7.939   50.9ms  21>20     65    00    5    ok
   7.939  101.8ms  21>20     64    00    7    ok
   7.939  101.8ms  20>21     64    00    6    ok
   7.989   50.4ms  21>20     65    00    5    ok
   7.989    0.0ms  21>20     65    00    5    ok
   7.989    0.0ms  21>20     65    00    5    ok
   8.040   50.3ms  21>20     65    00    5    ok
   8.040  100.7ms  21>20     64    00    7    ok
   8.040  100.7ms  20>21     64    00    6    ok
   8.090   50.5ms  21>20     65    00    5    ok
   8.090    0.0ms  21>20     65    00    5    ok
   8.090    0.0ms  21>20     65    00    5    ok
   8.140   50.1ms  21>20     65    00    5    ok
   8.140  100.7ms  21>20     64    00    7    ok
   8.140  100.7ms  20>21     64    00    6    ok
   8.191   50.6ms  21>20     65    00    5    ok
   8.191    0.0ms  21>20     65    00    5    ok
   8.191    0.0ms  21>20     65    00    5    ok
   8.243   51.7ms  21>20     65    00    5    ok
   8.243  102.5ms  21>20     64    00    7    ok
   8.243  102.5ms  20>21     64    00    6    ok
   8.293   50.7ms  21>20     65    00    5    ok
   8.293    0.0ms  21>20     65    00    5    ok
   8.293    0.0ms  21>20     65    00    5    ok
   8.345   52.0ms  21>20     65    00    5    ok
   8.345  102.7ms  21>20     64    00    7    ok
   8.346  102.7ms  20>21     64    00    6    ok
   8.396   50.8ms  21>20     65    00    5    ok
   8.396    0.1ms  21>20     65    00    5    ok
   8.396    0.0ms  21>20     65    00    5    ok
   8.448   52.1ms  21>20     65    00    5    ok
   8.448  103.0ms  21>20     64    00    7    ok
   8.449  103.0ms  20>21     64    00    6    ok
   8.449    0.1ms  21>20     65    00    5    ok
   8.501   52.0ms  21>20     65    00    5    ok
   8.501    0.0ms  21>20     65    00    5    ok
   8.551   50.4ms  21>20     65    00    5    ok
   8.551  102.5ms  21>20     64    00    7    ok
   8.551  102.5ms  20>21     64    00    6    ok
   8.551    0.0ms  21>20     65    00    5    ok
   8.604   53.1ms  21>20     65    00    5    ok
   8.604    0.0ms  21>20     65    00    5    ok
   8.656   51.4ms  21>20     65    00    5    ok
   8.656  104.6ms  21>20     64    00    7    ok
   8.656  104.6ms  20>21     64    00    6    ok
   8.656    0.1ms  21>20     65    00    5    ok
   8.708   52.0ms  21>20     65    00    5    ok
   8.708    0.0ms  21>20     65    00    5    ok
   8.760   51.9ms  21>20     65    00    5    ok
   8.760  104.0ms  21>20     64    00    7    ok
   8.760  104.0ms  20>21     64    00    6    ok
   8.760    0.1ms  21>20     65    00    5    ok
   8.810   50.1ms  21>20     65    00    5    ok
   8.810    0.0ms  21>20     65    00    5    ok
   8.810    0.0ms  21>20     65    00    5    ok
   8.863  102.9ms  21>20     64    00    7    ok
   8.863  103.0ms  20>21     64    00    6    ok
   8.863   52.8ms  21>20     65    00    5    ok
   8.913   50.7ms  21>20     65    00    5    ok
   8.913    0.0ms  21>20     65    00    5    ok
   8.913    0.0ms  21>20     65    00    5    ok
   8.966  103.9ms  21>20     64    00    7    ok
   8.966  103.9ms  20>21     64    00    6    ok
   8.966   53.1ms  21>20     65    00    5    ok
   9.018   51.1ms  21>20     65    00    5    ok
   9.018    0.0ms  21>20     65    00    5    ok
   9.018    0.0ms  21>20     65    00    5    ok
   9.070  103.8ms  21>20     64    00    7    ok
   9.070  103.8ms  20>21     64    00    6    ok
   9.070   52.7ms  21>20     65    00    5    ok
   9.070    0.0ms  21>20     65    00    5    ok
   9.123   52.7ms  21>20     65    00    5    ok
   9.123    0.0ms  21>20     65    00    5    ok
   9.174  103.6ms  21>20     64    00    7    ok
   9.174  103.6ms  20>21     64    00    6    ok
   9.174   50.9ms  21>20     65    00    5    ok
   9.174    0.0ms  21>20     65    00    5    ok
   9.226   51.9ms  21>20     65    00    5    ok
   9.226    0.1ms  21>20     65    00    5    ok
   9.277  103.1ms  21>20     64    00    7    ok
   9.277  103.1ms  20>21     64    00    6    ok
   9.277    0.0ms  3e>20     01    10    4    ok
   9.277    0.0ms  20>3e     04    10    14   ok
   9.277    0.1ms  21>20     64    00    7    ok
   9.330  104.4ms  21>20     65    00    5    ok
   9.330    0.0ms  21>20     65    00    5    ok
   9.330    0.0ms  21>20     65    00    5    ok
   9.381   50.7ms  21>20     65    00    5    ok
   9.381  104.1ms  21>20     64    00    7    ok
   9.381  104.1ms  20>21     64    00    6    ok
   9.433   51.5ms  21>20     65    00    5    ok
   9.433    0.0ms  21>20     65    00    5    ok
   9.433    0.0ms  21>20     65    00    5    ok
   9.483   50.9ms  21>20     65    00    5    ok
   9.483  102.4ms  21>20     64    00    7    ok
   9.484  102.4ms  20>21     64    00    6    ok
   9.534   50.8ms  21>20     65    00    5    ok
   9.534    0.0ms  21>20     65    00    5    ok
   9.534    0.0ms  21>20     65    00    5    ok
   9.585   50.6ms  21>20     65    00    5    ok
   9.585  101.5ms  21>20     64    00    7    ok
   9.585  101.5ms  20>21     64    00    6    ok
   9.636   51.2ms  21>20     65    00    5    ok
   9.636    0.0ms  21>20     65    00    5    ok
   9.636    0.0ms  21>20     65    00    5    ok
   9.686    0.0ms  21>20     61    00    5    ok
   9.686  409.5ms  3e>20     01    75    1    ok
   9.686  409.4ms  20>3e     04    75    2    ok
   9.737  152.5ms  21>20     64    00    7    ok
   9.738  152.5ms  20>21     64    00    6    ok
   9.738  101.3ms  21>20     65    00    5    ok
   9.738    0.0ms  21>20     65    00    5    ok
   9.790   52.5ms  21>20     65    00    5    ok
   9.790    0.0ms  21>20     65    00    5    ok
   9.841  154.7ms  21>20     61    00    5    ok
   9.841  154.7ms  3e>20     01    76    1    ok
   9.841  154.7ms  20>3e     04    76    2    ok
   9.841  103.7ms  21>20     64    00    7    ok
   9.841  103.6ms  20>21     64    00    6    ok
   9.891  101.2ms  21>20     65    00    5    ok
   9.891    0.0ms  21>20     65    00    5    ok
   9.891   50.2ms  21>20     61    00    5    ok
   9.942  100.6ms  3e>20     01    3b    1    ok
   9.942  100.6ms  20>3e     04    3b    2    ok
   9.942  100.6ms  21>20     64    00    7    ok
   9.942  100.7ms  20>21     64    00    6    ok
   9.992  100.8ms  21>20     61    00    5    ok
   9.992   50.3ms  3e>20     01    b4    1    ok
   9.992   50.3ms  20>3e     04    b4    6    ok
   9.992   50.3ms  21>20     64    00    7    ok
  10.044  101.9ms  20>21     64    00    6    ok
  10.044   51.7ms  21>20     61    00    5    ok
  10.044    0.0ms  3e>22     01    10    1    ok
  10.094    0.0ms  22>3e     04    10    34   ok
  10.094  203.2ms  21>20     65    00    5    ok
  10.094   50.7ms  21>20     61    00    5    ok
  10.147  102.8ms  3e>22     01    33    1    ok
  10.147   52.2ms  22>3e     04    33    4    ok
  10.147  154.5ms  21>20     64    00    7    ok
  10.147  103.0ms  20>21     64    00    6    ok
  10.198  103.6ms  21>20     65    00    5    ok
  10.198    0.0ms  21>20     65    00    5    ok
  10.198    0.0ms  21>20     65    00    5    ok
  10.248  153.8ms  21>20     61    00    5    ok
  10.248  101.7ms  3e>22     01    31    1    ok
  10.248  101.6ms  22>3e     04    31    2    ok
  10.299   50.5ms  21>20     61    00    5    ok
  10.299  306.7ms  3e>20     01    b0    1    ok
  10.299  306.7ms  20>3e     04    b0    52   ok
  10.299  152.1ms  21>20     64    00    7    ok
  10.299  152.1ms  20>21     64    00    6    ok
  10.350  152.0ms  21>20     65    00    5    ok
  10.350    0.0ms  21>20     65    00    5    ok
  10.402   51.9ms  21>20     65    00    5    ok
  10.402    0.1ms  21>20     65    00    5    ok
  10.402  103.3ms  21>20     61    00    5    ok
  10.452  203.9ms  3e>22     01    40    1    ok
  10.452  153.4ms  21>20     64    00    7    ok
  10.452  203.9ms  22>3e     04    40    30   ok
  10.452  153.4ms  20>21     64    00    6    ok
  10.452   50.2ms  21>20     65    00    5    ok
  10.503   51.2ms  21>20     65    00    5    ok
  10.503    0.1ms  21>20     65    00    5    ok
  10.554   50.5ms  21>20     65    00    5    ok
  10.554  101.8ms  21>20     64    00    7    ok
  10.554  101.8ms  20>21     64    00    6    ok
  10.554    0.1ms  21>20     65    00    5    ok
  10.605  203.1ms  21>20     61    00    5    ok
  10.605  306.4ms  3e>20     01    67    1    ok
  10.605  306.4ms  20>3e     04    67    4    ok
  10.656  102.1ms  21>20     64    00    7    ok
  10.656  102.2ms  20>21     64    00    6    ok
  10.656   51.1ms  21>20     61    00    5    ok
  10.656   51.0ms  3e>20     01    1a    1    ok
  10.707  102.3ms  20>3e     04    1a    2    ok
  10.707   51.3ms  21>20     61    00    5    ok
  10.707   51.3ms  3e>20     01    25    1    ok
  10.707    0.0ms  20>3e     04    25    2    ok
  10.759  102.7ms  21>20     64    00    7    ok
  10.759  102.7ms  20>21     64    00    6    ok
  10.759   51.4ms  21>20     61    00    5    ok
  10.759   51.4ms  3e>20     01    32    1    ok
  10.810  102.9ms  20>3e     04    32    8    ok
  10.810   51.6ms  21>20     61    00    5    ok
  10.810   51.6ms  3e>20     01    75    1    ok
  10.810    0.1ms  20>3e     04    75    2    ok
  10.861   50.8ms  21>20     61    00    5    ok
  10.861   50.8ms  3e>20     01    7b    1    ok
  10.861   50.8ms  20>3e     04    7b    6    ok
  10.861  102.5ms  21>20     64    00    7    ok
  10.861  102.5ms  20>21     64    00    6    ok
  10.912  357.7ms  21>20     65    00    5    ok
  10.912    0.0ms  21>20     65    00    5    ok
  10.963  101.5ms  21>20     61    00    5    ok
  10.963  101.5ms  3e>20     01    76    1    ok
  10.963  101.5ms  20>3e     04    76    2    ok
  10.963  101.5ms  21>20     64    00    7    ok
  10.963  101.5ms  20>21     64    00    6    ok
  11.013  101.4ms  21>20     65    00    5    ok
  11.013   50.4ms  21>20     61    00    5    ok
  11.013   50.4ms  3e>20     01    3b    1    ok
  11.065  102.3ms  20>3e     04    3b    2    ok
  11.065   52.0ms  21>20     61    00    5    ok
  11.065   52.0ms  3e>20     01    25    1    ok
  11.065    0.1ms  20>3e     04    25    2    ok
  11.116   50.8ms  21>20     61    00    5    ok
  11.116   50.8ms  3e>20     01    b4    1    ok
  11.116   50.8ms  20>3e     04    b4    6    ok
  11.116    0.1ms  21>20     61    00    5    ok
  11.168   52.2ms  3e>20     01    75    1    ok
  11.168   52.2ms  20>3e     04    75    2    ok
  11.168   52.2ms  21>20     61    00    5    ok
  11.220  767.4ms  3e>22     01    10    1    ok
  11.220  767.4ms  22>3e     04    10    34   ok
  11.220  256.7ms  21>20     64    00    7    ok
  11.220  256.7ms  20>21     64    00    6    ok
  11.220   51.4ms  21>20     61    00    5    ok
  11.270   50.4ms  22>3e     04    33    4    ok
  11.270   50.5ms  21>20     64    00    7    ok
  11.270   50.5ms  20>21     64    00    6    ok
  11.320  100.9ms  21>20     61    00    5    ok
  11.321  152.4ms  3e>20     01    76    1    ok
  11.321  152.3ms  20>3e     04    76    2    ok
  11.321   50.5ms  21>20     64    00    7    ok
  11.321   50.5ms  20>21     64    00    6    ok
  11.373   52.1ms  21>20     61    00    5    ok
  11.373  153.1ms  3e>22     01    35    1    ok
  11.373  102.7ms  22>3e     04    35    2    ok
  11.423   50.2ms  21>20     61    00    5    ok
  11.423  102.3ms  3e>20     01    b4    1    ok
  11.423  102.3ms  20>3e     04    b4    6    ok
  11.423  102.3ms  21>20     64    00    7    ok
  11.423  102.2ms  20>21     64    00    6    ok
  11.473  459.8ms  21>20     65    00    5    ok
  11.473   50.2ms  21>20     61    00    5    ok
  11.473   50.1ms  3e>20     01    b0    1    ok
  11.524  101.6ms  20>3e     04    b0    52   ok
  11.524  101.6ms  21>20     64    00    7    ok
  11.524  101.6ms  20>21     64    00    6    ok
  11.524   51.6ms  21>20     65    00    5    ok
  11.575  101.8ms  21>20     61    00    5    ok
  11.575  202.1ms  3e>22     01    35    1    ok
  11.575  202.1ms  22>3e     04    35    2    ok
  11.575   50.4ms  21>20     64    00    7    ok
  11.626  101.9ms  20>21     64    00    6    ok
  11.626   51.7ms  21>20     61    00    5    ok
  11.626  153.5ms  3e>20     01    75    1    ok
  11.626  102.1ms  20>3e     04    75    2    ok
  11.677  102.5ms  21>20     64    00    7    ok
  11.677   51.0ms  20>21     64    00    6    ok
  11.677   51.0ms  21>20     61    00    5    ok
  11.677   51.0ms  3e>20     01    b0    1    ok
  11.730  103.7ms  20>3e     04    b0    52   ok
  11.730   52.7ms  21>20     61    00    5    ok
  11.730   52.7ms  3e>20     01    7b    1    ok
  11.730    0.0ms  20>3e     04    7b    6    ok
  11.782  104.5ms  21>20     64    00    7    ok
  11.782  104.4ms  20>21     64    00    6    ok
  11.782  257.4ms  21>20     65    00    5    ok
  11.782    0.0ms  21>20     65    00    5    ok
  11.834   51.7ms  21>20     65    00    5    ok
  11.834  103.4ms  21>20     61    00    5    ok
  11.834  103.4ms  3e>20     01    7b    1    ok
  11.885  154.7ms  20>3e     04    7b    6    ok
  11.885   51.3ms  21>20     61    00    5    ok
  11.885   51.3ms  3e>20     01    b4    1    ok
  11.885    0.0ms  20>3e     04    b4    6    ok
  11.935   50.3ms  21>20     61    00    5    ok
  11.935   50.3ms  3e>20     01    76    1    ok
  11.935   50.3ms  20>3e     04    76    2    ok
  11.935    0.1ms  21>20     61    00    5    ok
  11.986  411.2ms  3e>22     01    33    1    ok
  11.986  411.2ms  22>3e     04    33    4    ok
  11.986  204.2ms  21>20     64    00    7    ok
  11.986  204.2ms  20>21     64    00    6    ok
  12.036  101.3ms  21>20     61    00    5    ok
  12.037  101.3ms  3e>20     01    b4    1    ok
  12.037  101.3ms  20>3e     04    b4    6    ok
  12.037   50.5ms  21>20     64    00    7    ok
  12.088  102.1ms  20>21     64    00    6    ok
  12.088   51.6ms  21>20     61    00    5    ok
  12.088  102.2ms  3e>22     01    35    1    ok
  12.088  102.2ms  22>3e     04    35    2    ok
  12.139  102.7ms  21>20     64    00    7    ok
  12.139   51.2ms  20>21     64    00    6    ok
  12.139  305.8ms  21>20     65    00    5    ok
  12.139   51.2ms  21>20     61    00    5    ok
  12.193  156.3ms  3e>20     01    b0    1    ok
  12.193  156.3ms  20>3e     04    b0    52   ok
  12.193   53.6ms  21>20     61    00    5    ok
  12.245  156.9ms  3e>22     01    35    1    ok
  12.245  156.9ms  22>3e     04    35    2    ok
  12.245  105.9ms  21>20     64    00    7    ok
  12.245  105.8ms  20>21     64    00    6    ok
  12.245  105.8ms  21>20     65    00    5    ok
  12.295   50.2ms  21>20     65    00    5    ok
  12.295    0.1ms  21>20     65    00    5    ok
  12.295  102.6ms  21>20     61    00    5    ok
  12.348  155.1ms  3e>20     01    b0    1    ok
  12.348  155.1ms  20>3e     04    b0    52   ok
  12.348   52.5ms  21>20     61    00    5    ok
  12.399   50.9ms  3e>20     01    25    1    ok
  12.399   50.9ms  20>3e     04    25    2    ok
  12.399  153.7ms  21>20     64    00    7    ok
  12.399  153.7ms  20>21     64    00    6    ok
  12.399  103.4ms  21>20     65    00    5    ok
  12.451  103.0ms  21>20     61    00    5    ok
  12.451   52.2ms  3e>20     01    7b    1    ok
  12.451   52.1ms  20>3e     04    7b    6    ok
  12.503   51.6ms  21>20     61    00    5    ok
  12.503  257.5ms  3e>22     01    40    1    ok
  12.503  257.5ms  22>3e     04    40    30   ok
  12.554  103.2ms  3e>20     01    76    1    ok
  12.554  103.2ms  20>3e     04    76    2    ok
  12.554  155.3ms  21>20     64    00    7    ok
  12.554  155.3ms  20>21     64    00    6    ok
  12.606  103.2ms  21>20     61    00    5    ok
  12.606   51.7ms  3e>20     01    3b    1    ok
  12.606   51.6ms  20>3e     04    3b    2    ok
  12.606   51.6ms  21>20     64    00    7    ok
  12.606   51.6ms  20>21     64    00    6    ok
  12.656   50.2ms  21>20     61    00    5    ok
  12.656   50.2ms  3e>20     01    75    1    ok
  12.656   50.2ms  20>3e     04    75    2    ok
  12.656    0.1ms  21>20     61    00    5    ok
  12.706   50.3ms  3e>20     01    b4    1    ok
  12.706   50.3ms  20>3e     04    b4    6    ok
  12.706  100.5ms  21>20     64    00    7    ok
  12.706  100.5ms  20>21     64    00    6    ok
  12.757  100.7ms  21>20     61    00    5    ok
  12.757  254.1ms  3e>22     01    33    1    ok
  12.757  254.1ms  22>3e     04    33    4    ok
  12.757   50.4ms  21>20     64    00    7    ok
  12.807  100.9ms  20>21     64    00    6    ok
  12.807   50.6ms  21>20     61    00    5    ok
  12.807   50.6ms  3e>22     01    33    1    ok
  12.807   50.6ms  22>3e     04    33    4    ok
  12.857  100.7ms  21>20     64    00    7    ok
  12.857   50.2ms  20>21     64    00    6    ok
  12.857   50.2ms  21>20     61    00    5    ok
  12.857   50.2ms  3e>22     01    35    1    ok
  12.909  101.6ms  22>3e     04    35    2    ok
  12.909   51.5ms  21>20     61    00    5    ok
  12.909   51.5ms  3e>22     01    35    1    ok
  12.909    0.1ms  22>3e     04    35    2    ok
  12.959  101.8ms  21>20     64    00    7    ok
  12.959  101.8ms  20>21     64    00    6    ok
  12.959  560.4ms  21>20     65    00    5    ok
  12.959   50.3ms  21>20     61    00    5    ok
  13.013  306.5ms  3e>20     01    da    1    ok
  13.013  306.5ms  20>3e     04    da    12   ok
  13.013   53.6ms  21>20     61    00    5    ok
  13.063   50.2ms  3e>20     01    da    1    ok
  13.063   50.2ms  20>3e     04    da    12   ok
  13.063  103.8ms  21>20     64    00    7    ok
  13.063  103.8ms  20>21     64    00    6    ok
  13.063  103.8ms  21>20     65    00    5    ok
  13.116   52.5ms  21>20     65    00    5    ok
  13.116  102.7ms  21>20     61    00    5    ok
  13.116   52.6ms  3e>20     01    b4    1    ok
  13.168  104.6ms  20>3e     04    b4    6    ok
  13.168   52.0ms  21>20     61    00    5    ok
  13.168   52.0ms  3e>20     01    b4    1    ok
  13.168    0.1ms  20>3e     04    b4    6    ok
  13.218  155.2ms  21>20     64    00    7    ok
  13.218  155.3ms  20>21     64    00    6    ok
  13.218   50.7ms  21>20     61    00    5    ok
  13.218  309.4ms  3e>22     01    33    1    ok
  13.270  360.6ms  22>3e     04    33    4    ok
  13.270   51.3ms  21>20     61    00    5    ok
  13.270   51.3ms  3e>22     01    33    1    ok
  13.270    0.1ms  22>3e     04    33    4    ok
  13.320  101.6ms  21>20     64    00    7    ok
  13.320  101.6ms  20>21     64    00    6    ok
  13.320  204.4ms  21>20     65    00    5    ok
  13.320   50.3ms  21>20     61    00    5    ok
  13.373  103.8ms  3e>22     01    35    1    ok
  13.373  103.9ms  22>3e     04    35    2    ok
  13.373   53.6ms  21>20     61    00    5    ok
  13.425   52.0ms  3e>22     01    35    1    ok
  13.425   52.0ms  22>3e     04    35    2    ok
  13.425   52.0ms  21>20     61    00    5    ok
  13.425  257.8ms  3e>20     01    da    1    ok
  13.476  308.2ms  20>3e     04    da    12   ok
  13.476  156.0ms  21>20     64    00    7    ok
  13.476  156.0ms  20>21     64    00    6    ok
  13.476   50.5ms  21>20     61    00    5    ok
  13.527  101.4ms  3e>20     01    da    1    ok
  13.527   51.1ms  20>3e     04    da    12   ok
  13.527   51.1ms  21>20     64    00    7    ok
  13.527   51.1ms  20>21     64    00    6    ok
  13.527  207.1ms  21>20     65    00    5    ok
  13.577   50.2ms  21>20     65    00    5    ok
  13.577    0.0ms  21>20     65    00    5    ok
  13.577  101.4ms  21>20     61    00    5    ok
  13.630  103.2ms  3e>20     01    b4    1    ok
  13.630  103.2ms  20>3e     04    b4    6    ok
  13.630   52.9ms  21>20     61    00    5    ok
  13.681   50.7ms  3e>20     01    b4    1    ok
  13.681   50.7ms  20>3e     04    b4    6    ok
  13.681  153.9ms  21>20     64    00    7    ok
  13.681  153.8ms  20>21     64    00    6    ok
  13.681   50.7ms  21>20     61    00    5    ok
  13.734  308.8ms  3e>22     01    33    1    ok
  13.734  308.9ms  22>3e     04    33    4    ok
  13.734   53.6ms  21>20     61    00    5    ok
  13.785   50.6ms  3e>22     01    33    1    ok
  13.785   50.5ms  22>3e     04    33    4    ok
  13.785   50.4ms  21>20     61    00    5    ok
  13.785    0.0ms  3e>22     01    35    1    ok
  13.785    0.0ms  22>3e     04    35    2    ok
  13.836  155.5ms  21>20     64    00    7    ok
  13.836  155.6ms  20>21     64    00    6    ok
  13.836   51.5ms  21>20     61    00    5    ok
  13.888  102.7ms  3e>22     01    35    1    ok
  13.888  102.7ms  22>3e     04    35    2    ok
  13.888   51.3ms  21>20     64    00    7    ok
  13.888   51.2ms  20>21     64    00    6    ok
  13.888   51.2ms  21>20     61    00    5    ok
  13.938  257.1ms  3e>20     01    da    1    ok
  13.938  257.1ms  20>3e     04    da    12   ok
  13.938   50.3ms  21>20     61    00    5    ok
  13.938    0.0ms  3e>20     01    da    1    ok
  13.990   52.2ms  20>3e     04    da    12   ok
  13.990  102.5ms  21>20     64    00    7    ok
  13.990  102.5ms  20>21     64    00    6    ok
  13.990  412.9ms  21>20     65    00    5    ok
  14.041   50.8ms  21>20     65    00    5    ok
  14.041    0.1ms  21>20     65    00    5    ok
  14.041    0.0ms  21>20     65    00    5    ok
  14.091  153.3ms  21>20     61    00    5    ok
  14.091  153.3ms  3e>20     01    b4    1    ok
  14.091  101.2ms  20>3e     04    b4    6    ok
  14.142   51.1ms  21>20     61    00    5    ok
  14.142   51.1ms  3e>20     01    b4    1    ok
  14.142   51.1ms  20>3e     04    b4    6    ok
  14.142    0.0ms  21>20     61    00    5    ok
  14.193  305.4ms  3e>22     01    33    1    ok
  14.193  305.4ms  22>3e     04    33    4    ok
  14.193   50.7ms  21>20     61    00    5    ok
  14.244   51.6ms  3e>22     01    33    1    ok
  14.245   51.6ms  22>3e     04    33    4    ok
  14.245  254.4ms  21>20     64    00    7    ok
  14.245  254.5ms  20>21     64    00    6    ok
  14.245   51.6ms  21>20     61    00    5    ok
  14.297   52.6ms  3e>22     01    35    1    ok
  14.297   52.6ms  22>3e     04    35    2    ok
  14.297   52.6ms  21>20     61    00    5    ok
  14.297    0.1ms  3e>22     01    35    1    ok
  14.348   51.0ms  22>3e     04    35    2    ok
  14.348  103.6ms  21>20     64    00    7    ok
  14.348  103.7ms  20>21     64    00    6    ok
  14.348  307.2ms  21>20     65    00    5    ok
  14.398  101.3ms  21>20     61    00    5    ok
  14.399  256.2ms  3e>20     01    da    1    ok
  14.399  256.2ms  20>3e     04    da    12   ok
  14.399    0.1ms  21>20     61    00    5    ok
  14.450   51.0ms  3e>20     01    da    1    ok
  14.450   51.1ms  20>3e     04    da    12   ok
  14.450  101.4ms  21>20     64    00    7    ok
  14.450  101.4ms  20>21     64    00    6    ok
  14.500  151.6ms  21>20     65    00    5    ok
  14.500    0.0ms  21>20     65    00    5    ok
  14.500    0.0ms  21>20     65    00    5    ok
  14.551  152.3ms  21>20     61    00    5    ok
  14.551  101.4ms  3e>20     01    b4    1    ok
  14.551  101.3ms  20>3e     04    b4    6    ok
  14.602   50.9ms  21>20     61    00    5    ok
  14.602   50.9ms  3e>20     01    b4    1    ok
  14.602   50.9ms  20>3e     04    b4    6    ok
  14.602    0.1ms  21>20     61    00    5    ok
  14.655  357.4ms  3e>22     01    33    1    ok
  14.655  306.4ms  22>3e     04    33    4    BAD
  14.706   51.6ms  3e>22     01    33    1    ok
  14.706   51.6ms  22>3e     04    33    4    ok
  14.706  256.6ms  21>20     64    00    7    ok
  14.706  256.5ms  20>21     64    00    6    ok
  14.706  206.3ms  21>20     65    00    5    ok
  14.758  156.2ms  21>20     61    00    5    ok
  14.758   52.0ms  3e>22     01    35    1    ok
  14.758   52.0ms  22>3e     04    35    2    ok
  14.758    0.1ms  21>20     61    00    5    ok
  14.809   50.4ms  3e>22     01    35    1    ok
  14.809   50.4ms  22>3e     04    35    2    ok
  14.809  102.4ms  21>20     64    00    7    ok
  14.809  102.4ms  20>21     64    00    6    ok
  14.859  100.8ms  21>20     61    00    5    ok
  14.859  257.2ms  3e>20     01    da    1    ok
  14.859  257.2ms  20>3e     04    da    12   ok
  14.910  101.1ms  21>20     64    00    7    ok
  14.910  101.2ms  20>21     64    00    6    ok
  14.910   50.8ms  21>20     61    00    5    ok
  14.910   50.7ms  3e>20     01    da    1    ok
  14.910   50.7ms  20>3e     04    da    12   ok
  14.960   50.5ms  21>20     64    00    7    ok
  14.960   50.4ms  20>21     64    00    6    ok
  14.960  254.0ms  21>20     65    00    5    ok
  14.960    0.0ms  21>20     65    00    5    ok
  15.011  100.8ms  21>20     61    00    5    ok
  15.011  100.8ms  3e>20     01    75    1    ok
  15.011  100.8ms  20>3e     04    75    2    ok
  15.061   50.6ms  21>20     61    00    5    ok
  15.061   50.6ms  3e>20     01    75    1    ok
  15.061   50.6ms  20>3e     04    75    2    ok
  15.061    0.1ms  21>20     61    00    5    ok
  15.112   51.2ms  3e>20     01    b4    1    ok
  15.112   51.3ms  20>3e     04    b4    6    ok
  15.113  152.3ms  21>20     64    00    7    ok
  15.113  152.3ms  20>21     64    00    6    ok
  15.163  203.2ms  21>20     65    00    5    ok
  15.163  102.2ms  21>20     61    00    5    ok
  15.163  354.9ms  3e>22     01    33    1    ok
  15.215  406.1ms  22>3e     04    33    4    ok
  15.215   51.3ms  21>20     61    00    5    ok
  15.215   51.3ms  3e>22     01    33    1    ok
  15.215    0.0ms  22>3e     04    33    4    ok
  15.266   51.4ms  21>20     61    00    5    ok
  15.266   51.4ms  3e>22     01    35    1    ok
  15.266   51.4ms  22>3e     04    35    2    ok
  15.266  153.6ms  21>20     64    00    7    ok
  15.318  205.0ms  20>21     64    00    6    ok
  15.318   51.5ms  21>20     61    00    5    ok
  15.318   51.4ms  3e>22     01    35    1    ok
  15.318   51.4ms  22>3e     04    35    2    ok
  15.368  101.9ms  21>20     64    00    7    ok
  15.368   50.6ms  20>21     64    00    6    ok
  15.368   50.6ms  21>20     61    00    5    ok
  15.368  255.7ms  3e>20     01    da    1    ok
  15.368  255.7ms  20>3e     04    da    12   ok
  15.420   51.4ms  21>20     61    00    5    ok
  15.420   51.5ms  3e>20     01    da    1    ok
  15.420   51.4ms  20>3e     04    da    12   ok
  15.420   51.6ms  21>20     64    00    7    ok
  15.472  103.9ms  20>21     64    00    6    ok
  15.472  308.6ms  21>20     65    00    5    ok
  15.472    0.0ms  21>20     65    00    5    ok
  15.522   50.3ms  21>20     65    00    5    ok
  15.522    0.0ms  21>20     65    00    5    ok
  15.522  102.8ms  21>20     61    00    5    ok
  15.574  154.1ms  3e>20     01    b4    1    ok
  15.574  154.1ms  20>3e     04    b4    6    ok
  15.574   51.3ms  21>20     61    00    5    ok
  15.625   51.2ms  3e>20     01    b4    1    ok
  15.625   51.2ms  20>3e     04    b4    6    ok
  15.625   51.2ms  21>20     61    00    5    ok
  15.625  307.4ms  3e>22     01    33    1    ok
  15.625  307.4ms  22>3e     04    33    4    ok
  15.676  256.7ms  21>20     64    00    7    ok
  15.676  204.4ms  20>21     64    00    6    ok
  15.676  153.9ms  21>20     65    00    5    ok
  15.727   50.7ms  21>20     65    00    5    ok
  15.727  102.1ms  21>20     61    00    5    ok
  15.727  102.1ms  3e>22     01    35    1    ok
  15.727  102.1ms  22>3e     04    35    2    ok
  15.779   52.0ms  21>20     61    00    5    ok
  15.779   52.0ms  3e>22     01    35    1    ok
  15.779   52.0ms  22>3e     04    35    2    ok
  15.831  154.7ms  21>20     64    00    7    ok
  15.831  154.6ms  20>21     64    00    6    ok
  15.831  104.0ms  21>20     65    00    5    ok
  15.831   52.0ms  21>20     61    00    5    ok
  15.881  256.2ms  3e>20     01    da    1    ok
  15.881  256.2ms  20>3e     04    da    12   ok
  15.881   50.1ms  21>20     61    00    5    ok
  15.881    0.1ms  3e>20     01    da    1    ok
  15.934   52.9ms  20>3e     04    da    12   ok
  15.934  103.1ms  21>20     64    00    7    ok
  15.934  103.1ms  20>21     64    00    6    ok
  15.934  103.2ms  21>20     65    00    5    ok
  15.985   50.7ms  21>20     65    00    5    ok
  15.985    0.0ms  21>20     65    00    5    ok
  15.985  103.8ms  21>20     61    00    5    ok
  16.037  156.1ms  3e>20     01    b4    1    ok
  16.037  103.3ms  20>3e     04    b4    6    ok
  16.037   52.3ms  21>20     61    00    5    ok
  16.088   50.5ms  3e>20     01    b4    1    ok
  16.088   50.5ms  20>3e     04    b4    6    ok
  16.088   50.5ms  21>20     61    00    5    ok
  16.088  308.7ms  3e>22     01    33    1    ok
  16.088  308.7ms  22>3e     04    33    4    ok
  16.138   50.2ms  21>20     61    00    5    ok
  16.138   50.2ms  3e>22     01    33    1    ok
  16.138   50.2ms  22>3e     04    33    4    ok
  16.189  254.8ms  21>20     64    00    7    ok
  16.189  254.8ms  20>21     64    00    6    ok
  16.189  204.0ms  21>20     65    00    5    ok
  16.189   51.0ms  21>20     61    00    5    ok
  16.240  102.1ms  3e>22     01    35    1    ok
  16.240  102.2ms  22>3e     04    35    2    ok
  16.240   51.2ms  21>20     61    00    5    ok
  16.240    0.1ms  3e>22     01    35    1    ok
  16.292   52.0ms  22>3e     04    35    2    ok
  16.292  103.3ms  21>20     64    00    7    ok
  16.292  103.3ms  20>21     64    00    6    ok
  16.292  103.3ms  21>20     65    00    5    ok
  16.342  102.3ms  21>20     61    00    5    ok
  16.343  254.8ms  3e>20     01    da    1    ok
  16.343  254.8ms  20>3e     04    da    12   ok
  16.343    0.1ms  21>20     61    00    5    ok
  16.395   52.1ms  3e>20     01    b0    1    ok
  16.395   52.1ms  20>3e     04    b0    52   ok
  16.395  102.5ms  21>20     64    00    7    ok
  16.395  102.5ms  20>21     64    00    6    ok
  16.446  153.6ms  21>20     65    00    5    ok
  16.446    0.0ms  21>20     65    00    5    ok
  16.446    0.0ms  21>20     65    00    5    ok
  16.498  155.9ms  21>20     61    00    5    ok
  16.499  103.9ms  3e>20     01    25    1    ok
  16.499  103.9ms  20>3e     04    25    2    ok
  16.550   51.6ms  21>20     61    00    5    ok
  16.550   51.6ms  3e>20     01    da    1    ok
  16.550   51.6ms  20>3e     04    da    12   ok
  16.550    0.1ms  21>20     61    00    5    ok
  16.601   50.9ms  3e>20     01    b4    1    ok
  16.601   50.9ms  20>3e     04    b4    6    ok
  16.601  206.3ms  21>20     64    00    7    ok
  16.601  206.3ms  20>21     64    00    6    ok
  16.601  155.2ms  21>20     65    00    5    ok
  16.652   51.1ms  21>20     65    00    5    ok
  16.652  102.0ms  21>20     61    00    5    ok
  16.703  462.4ms  3e>22     01    33    1    ok
  16.703  410.5ms  22>3e     04    33    4    ok
  16.703   50.5ms  21>20     61    00    5    ok
  16.703  101.7ms  3e>20     01    b4    1    ok
  16.754  152.7ms  20>3e     04    b4    6    ok
  16.754   51.0ms  21>20     61    00    5    ok
  16.754   51.1ms  3e>22     01    35    1    ok
  16.754   51.1ms  22>3e     04    35    2    ok
  16.804   50.7ms  21>20     61    00    5    ok
  16.804   50.7ms  3e>22     01    33    1    ok
  16.804   50.7ms  22>3e     04    33    4    ok
  16.804  203.4ms  21>20     64    00    7    ok
  16.857  256.4ms  20>21     64    00    6    ok
  16.858  205.4ms  21>20     65    00    5    ok
  16.858   53.1ms  21>20     61    00    5    ok
  16.908  103.6ms  3e>22     01    31    1    ok
  16.908  103.6ms  22>3e     04    31    2    ok
  16.908   50.6ms  21>20     61    00    5    ok
  16.908  205.4ms  3e>20     01    da    1    ok
  16.961  207.4ms  20>3e     04    da    12   ok
  16.961  156.7ms  21>20     64    00    7    ok
  16.961  103.7ms  20>21     64    00    6    ok
  16.961  103.7ms  21>20     65    00    5    ok
  17.014   52.5ms  21>20     65    00    5    ok
  17.014    0.0ms  21>20     65    00    5    ok
  17.014  105.6ms  21>20     61    00    5    ok
  17.064  156.2ms  3e>20     01    b4    1    ok
  17.064  103.2ms  20>3e     04    b4    6    ok
  17.064   50.7ms  21>20     61    00    5    ok
  17.064    0.0ms  3e>20     01    b4    1    ok
  17.115   51.2ms  20>3e     04    b4    6    ok
  17.116   51.2ms  21>20     61    00    5    ok
  17.116  207.5ms  3e>22     01    33    1    ok
  17.116  207.5ms  22>3e     04    33    4    ok
  17.167   51.0ms  21>20     61    00    5    ok
  17.167   51.1ms  3e>22     01    33    1    ok
  17.167   51.1ms  22>3e     04    33    4    ok
  17.167  205.5ms  21>20     64    00    7    ok
  17.220  258.9ms  20>21     64    00    6    ok
  17.220  206.5ms  21>20     65    00    5    ok
  17.220   53.6ms  21>20     61    00    5    ok
  17.271  104.1ms  3e>22     01    35    1    ok
  17.271  104.1ms  22>3e     04    35    2    ok
  17.271   50.6ms  21>20     61    00    5    ok
  17.271    0.1ms  3e>22     01    35    1    ok
  17.271    0.0ms  22>3e     04    35    2    ok
  17.322  155.4ms  21>20     64    00    7    ok
  17.322  102.0ms  20>21     64    00    6    ok
  17.322  102.0ms  21>20     65    00    5    ok
  17.322   51.4ms  21>20     61    00    5    ok
  17.374  309.5ms  3e>20     01    da    1    ok
  17.374  258.5ms  20>3e     04    da    12   ok
  17.374   51.9ms  21>20     61    00    5    ok
  17.425   50.6ms  3e>20     01    da    1    ok
  17.425   50.6ms  20>3e     04    da    12   ok
  17.425  102.5ms  21>20     64    00    7    ok
  17.425  102.5ms  20>21     64    00    6    ok
  17.425  102.5ms  21>20     65    00    5    ok
  17.478   53.3ms  21>20     65    00    5    ok
  17.478    0.0ms  21>20     65    00    5    ok
  17.529  155.5ms  21>20     61    00    5    ok
  17.529  105.0ms  3e>20     01    75    1    ok
  17.530  105.0ms  20>3e     04    75    2    ok
  17.530    0.1ms  21>20     61    00    5    ok
  17.582   52.4ms  3e>20     01    75    1    ok
  17.582    0.0ms  20>04     75    02    2    BAD
  17.582    0.1ms  3e>20     01    b4    1    ok
  17.632  102.9ms  20>3e     04    b4    6    ok
  17.632  103.0ms  21>20     61    00    5    ok
  17.633   50.5ms  3e>20     01    b4    1    ok
  17.633    0.1ms  20>3e     04    b4    6    ok
  17.683   50.1ms  21>20     61    00    5    ok
  17.683  411.9ms  3e>22     01    33    1    ok
  17.683  411.9ms  22>3e     04    33    4    ok
  17.683    0.1ms  21>20     61    00    5    ok
  17.735   52.4ms  3e>22     01    33    1    ok
  17.735   52.5ms  22>3e     04    33    4    ok
  17.735  310.6ms  21>20     64    00    7    ok
  17.786  360.9ms  20>21     64    00    6    ok
  17.786  102.9ms  21>20     61    00    5    ok
  17.786   50.5ms  3e>22     01    35    1    ok
  17.786   50.4ms  22>3e     04    35    2    ok
  17.786    0.0ms  21>20     61    00    5    ok
  17.837   51.3ms  3e>22     01    35    1    ok
  17.837   51.3ms  22>3e     04    35    2    ok
  17.837  101.8ms  21>20     64    00    7    ok
  17.837   51.4ms  20>21     64    00    6    ok
  17.887  409.5ms  21>20     65    00    5    ok
  17.887  101.9ms  21>20     61    00    5    ok
  17.887  255.0ms  3e>20     01    da    1    ok
  17.940  307.7ms  20>3e     04    da    12   ok
  17.940  103.4ms  21>20     64    00    7    ok
  17.940  103.4ms  20>21     64    00    6    ok
  17.940   52.9ms  21>20     65    00    5    ok
  17.991   51.1ms  21>20     65    00    5    ok
  17.991    0.0ms  21>20     65    00    5    ok
  17.992    0.0ms  21>20     65    00    5    ok
  18.043  102.4ms  21>20     64    00    7    ok
  18.043  102.4ms  20>21     64    00    6    ok
  18.043  155.3ms  21>20     61    00    5    ok
  18.043  155.3ms  3e>20     01    b4    1    ok
  18.094  154.0ms  20>3e     04    b4    6    ok
  18.094   51.6ms  21>20     61    00    5    ok
  18.094   51.6ms  3e>20     01    b4    1    ok
  18.094    0.1ms  20>3e     04    b4    6    ok
  18.145   50.4ms  21>20     61    00    5    ok
  18.145  307.9ms  3e>22     01    33    1    ok
  18.145  307.9ms  22>3e     04    33    4    ok
  18.145    0.1ms  21>20     61    00    5    ok
  18.196   51.3ms  3e>22     01    33    1    ok
  18.196   51.3ms  22>3e     04    33    4    ok
  18.196  153.4ms  21>20     64    00    7    ok
  18.196  153.4ms  20>21     64    00    6    ok
  18.247  255.3ms  21>20     65    00    5    ok
  18.247  102.0ms  21>20     61    00    5    ok
  18.247   50.8ms  3e>22     01    35    1    ok
  18.300  104.1ms  22>3e     04    35    2    ok
  18.300  104.2ms  21>20     64    00    7    ok
  18.300  104.2ms  20>21     64    00    6    ok
  18.300   53.5ms  21>20     65    00    5    ok
  18.351   50.7ms  21>20     65    00    5    ok
  18.351  104.2ms  21>20     61    00    5    ok
  18.351  256.7ms  3e>20     01    da    1    ok
  18.402  307.8ms  20>3e     04    da    12   BAD
  18.402   51.1ms  3e>20     01    da    1    ok
  18.402    0.1ms  20>3e     04    da    12   ok
  18.454  153.9ms  21>20     64    00    7    ok
  18.454  153.9ms  20>21     64    00    6    ok
  18.454  103.3ms  21>20     65    00    5    ok
  18.454    0.0ms  21>20     65    00    5    ok
  18.504   50.2ms  21>20     65    00    5    ok
  18.504    0.0ms  21>20     65    00    5    ok
  18.504  153.4ms  21>20     61    00    5    ok
  18.557  154.7ms  3e>20     01    b4    1    ok
  18.557  154.8ms  20>3e     04    b4    6    ok
  18.557   52.5ms  21>20     61    00    5    ok
  18.608   51.0ms  3e>20     01    b4    1    ok
  18.608   51.0ms  20>3e     04    b4    6    ok
  18.608   51.0ms  21>20     61    00    5    ok
  18.608  361.1ms  3e>22     01    33    1    ok
  18.659  358.4ms  22>3e     04    33    4    ok
  18.659   50.7ms  21>20     61    00    5    ok
  18.659   50.7ms  3e>22     01    33    1    ok
  18.659    0.1ms  22>3e     04    33    4    ok
  18.709  254.7ms  21>20     64    00    7    ok
  18.709  254.7ms  20>21     64    00    6    ok
  18.709   50.3ms  21>20     61    00    5    ok
  18.709   50.3ms  3e>22     01    35    1    ok
  18.709   50.3ms  22>3e     04    35    2    ok
  18.759   50.3ms  21>20     61    00    5    ok
  18.759   50.3ms  3e>22     01    35    1    ok
  18.759   50.3ms  22>3e     04    35    2    ok
  18.811  101.8ms  21>20     64    00    7    ok
  18.811  101.8ms  20>21     64    00    6    ok
  18.811  306.3ms  21>20     65    00    5    ok
  18.811   51.5ms  21>20     61    00    5    ok
  18.863  254.7ms  3e>20     01    da    1    ok
  18.863  254.7ms  20>3e     04    da    12   ok
  18.863   52.0ms  21>20     64    00    7    ok
  18.863   52.0ms  20>21     64    00    6    ok
  18.914  103.2ms  21>20     65    00    5    ok
  18.914    0.0ms  21>20     65    00    5    ok
  18.914    0.0ms  21>20     65    00    5    ok
  18.964   50.2ms  21>20     65    00    5    ok
  18.964  153.5ms  21>20     61    00    5    ok
  18.964  101.6ms  3e>20     01    b4    1    ok
  19.015  152.0ms  20>3e     04    b4    6    ok
  19.015   50.4ms  21>20     61    00    5    ok
  19.015   50.4ms  3e>20     01    b4    1    ok
  19.015    0.0ms  20>3e     04    b4    6    ok
  19.065  202.2ms  21>20     64    00    7    ok
  19.065  202.2ms  20>21     64    00    6    ok
  19.065   50.3ms  21>20     61    00    5    ok
  19.065  305.6ms  3e>22     01    33    1    ok
  19.115  356.1ms  22>3e     04    33    4    ok
  19.116   50.6ms  21>20     61    00    5    ok
  19.116   50.6ms  3e>22     01    33    1    ok
  19.116    0.1ms  22>3e     04    33    4    ok
  19.166  100.9ms  21>20     64    00    7    ok
  19.166  100.9ms  20>21     64    00    6    ok
  19.166  201.6ms  21>20     65    00    5    ok
  19.166   50.3ms  21>20     61    00    5    ok
  19.219  103.2ms  3e>22     01    35    1    ok
  19.219  103.2ms  22>3e     04    35    2    ok
  19.219   52.9ms  21>20     61    00    5    ok
  19.269   50.4ms  3e>22     01    35    1    ok
  19.269   50.4ms  22>3e     04    35    2    ok
  19.269  103.3ms  21>20     64    00    7    ok
  19.269  103.3ms  20>21     64    00    6    ok
  19.269  103.3ms  21>20     65    00    5    ok
  19.320  101.6ms  21>20     61    00    5    ok
  19.320  305.7ms  3e>20     01    da    1    ok
  19.320  305.7ms  20>3e     04    da    12   ok
  19.371   50.9ms  21>20     61    00    5    ok
  19.371   50.9ms  3e>20     01    da    1    ok
  19.371   50.9ms  20>3e     04    da    12   ok
  19.371  102.2ms  21>20     64    00    7    ok
  19.425  155.8ms  20>21     64    00    6    ok
  19.425  155.8ms  21>20     65    00    5    ok
  19.425    0.0ms  21>20     65    00    5    ok
  19.477   52.4ms  21>20     65    00    5    ok
  19.477    0.0ms  21>20     65    00    5    ok
  19.477  106.2ms  21>20     61    00    5    ok
  19.528  156.6ms  3e>20     01    b4    1    ok
  19.528  156.6ms  20>3e     04    b4    6    ok
  19.528  156.6ms  21>20     64    00    7    ok
  19.528  103.0ms  20>21     64    00    6    ok
  19.528   50.5ms  21>20     61    00    5    ok
  19.580  310.8ms  3e>22     01    33    1    ok
  19.580  310.8ms  22>3e     04    33    4    ok
  19.580   52.0ms  21>20     61    00    5    ok
  19.631   51.2ms  3e>22     01    33    1    ok
  19.631   51.2ms  22>3e     04    33    4    ok
  19.631  103.2ms  21>20     64    00    7    ok
  19.631  103.2ms  20>21     64    00    6    ok
  19.631  153.7ms  21>20     65    00    5    ok
  19.683  103.4ms  21>20     61    00    5    ok
  19.683   52.2ms  3e>22     01    35    1    ok
  19.683   52.2ms  22>3e     04    35    2    ok
  19.735  103.9ms  21>20     64    00    7    ok
  19.735  103.9ms  20>21     64    00    6    ok
  19.735  103.9ms  21>20     65    00    5    ok
  19.735   51.8ms  21>20     61    00    5    ok
  19.785  257.5ms  3e>20     01    da    1    ok
  19.785  257.5ms  20>3e     04    da    12   ok
  19.785   50.4ms  21>20     61    00    5    ok
  19.785    0.1ms  3e>20     01    da    1    ok
  19.838   52.5ms  20>3e     04    da    12   ok
  19.838  103.0ms  21>20     64    00    7    ok
  19.838  102.9ms  20>21     64    00    6    ok
  19.838  102.9ms  21>20     65    00    5    ok
  19.889   50.6ms  21>20     65    00    5    ok
  19.889    0.0ms  21>20     65    00    5    ok
  19.889    0.0ms  21>20     65    00    5    ok
  19.940  155.0ms  21>20     61    00    5    ok
  19.940  155.1ms  3e>20     01    75    1    ok
  19.941  102.6ms  20>3e     04    75    2    ok
  19.992   51.2ms  21>20     61    00    5    ok
  19.992   51.2ms  3e>20     01    75    1    ok
  19.992   51.2ms  20>3e     04    75    2    ok
  19.992    0.1ms  21>20     61    00    5    ok
  20.043   51.8ms  3e>20     01    b4    1    ok
  20.043   51.8ms  20>3e     04    b4    6    ok
  20.044   51.8ms  21>20     61    00    5    ok
  20.095   52.0ms  21>20     61    00    5    ok
  20.096  412.2ms  3e>22     01    33    1    ok
  20.096  412.2ms  22>3e     04    33    4    ok
  20.096    0.1ms  21>20     61    00    5    ok
  20.146   50.6ms  3e>22     01    33    1    ok
  20.146   50.6ms  22>3e     04    33    4    ok
  20.146  308.2ms  21>20     64    00    7    ok
  20.146  308.2ms  20>21     64    00    6    ok
  20.146   50.7ms  21>20     61    00    5    ok
  20.197   51.0ms  3e>22     01    35    1    ok
  20.197   51.0ms  22>3e     04    35    2    ok
  20.197   51.0ms  21>20     61    00    5    ok
  20.247   50.3ms  3e>22     01    35    1    ok
  20.248   50.3ms  22>3e     04    35    2    ok
  20.248  101.3ms  21>20     64    00    7    ok
  20.248  101.3ms  20>21     64    00    6    ok
  20.248  359.0ms  21>20     65    00    5    ok
  20.300   52.4ms  21>20     65    00    5    ok
  20.300    0.0ms  21>20     65    00    5    ok
  20.351  153.7ms  21>20     61    00    5    ok
  20.351  307.4ms  3e>20     01    da    1    ok
  20.351  307.4ms  20>3e     04    da    12   ok
  20.351  103.4ms  21>20     64    00    7    ok
  20.405  157.3ms  20>21     64    00    6    ok
  20.405  104.9ms  21>20     65    00    5    ok
  20.405    0.0ms  21>20     65    00    5    ok
  20.455   50.2ms  21>20     65    00    5    ok
  20.455  104.3ms  21>20     61    00    5    ok
  20.455  104.3ms  3e>20     01    b4    1    ok
  20.455  104.3ms  20>3e     04    b4    6    ok
  20.507   51.6ms  21>20     61    00    5    ok
  20.507   51.6ms  3e>20     01    b4    1    ok
  20.507   51.6ms  20>3e     04    b4    6    ok
  20.507    0.1ms  21>20     61    00    5    ok
  20.559  311.7ms  3e>22     01    33    1    ok
  20.559  311.7ms  22>3e     04    33    4    ok
  20.559   52.4ms  21>20     61    00    5    ok
  20.610   50.7ms  3e>22     01    33    1    ok
  20.610   50.7ms  22>3e     04    33    4    ok
  20.610  259.0ms  21>20     64    00    7    ok
  20.610  205.1ms  20>21     64    00    6    ok
  20.610  154.8ms  21>20     65    00    5    ok
  20.662  102.4ms  21>20     61    00    5    ok
  20.662   51.8ms  3e>22     01    35    1    ok
  20.662   51.7ms  22>3e     04    35    2    ok
  20.713  102.8ms  21>20     64    00    7    ok
  20.713  102.8ms  20>21     64    00    6    ok
  20.713  102.8ms  21>20     65    00    5    ok
  20.713    0.0ms  21>20     65    00    5    ok
  20.765   52.2ms  21>20     65    00    5    ok
  20.765  103.4ms  21>20     61    00    5    ok
  20.815  308.3ms  3e>20     01    da    1    ok
  20.815  308.4ms  20>3e     04    da    12   BAD
  20.815    0.1ms  3e>20     01    da    1    ok
  20.867   52.2ms  20>3e     04    da    12   ok
  20.867  154.7ms  21>20     64    00    7    ok
  20.867  154.7ms  20>21     64    00    6    ok
  20.867  102.4ms  21>20     65    00    5    ok
  20.867    0.0ms  21>20     65    00    5    ok
  20.918   50.9ms  21>20     65    00    5    ok
  20.918  153.4ms  21>20     61    00    5    ok
  20.969  153.4ms  3e>20     01    b4    1    ok
  20.969  101.3ms  20>3e     04    b4    6    ok
  20.969   50.3ms  21>20     61    00    5    ok
  20.969    0.0ms  3e>20     01    b4    1    ok
  21.020   51.2ms  20>3e     04    b4    6    ok
  21.020   51.2ms  21>20     61    00    5    ok
  21.020  358.3ms  3e>22     01    33    1    ok
  21.020  358.3ms  22>3e     04    33    4    ok
  21.070   50.5ms  21>20     61    00    5    ok
  21.070   50.5ms  3e>22     01    33    1    ok
  21.070   50.6ms  22>3e     04    33    4    ok
  21.070  203.1ms  21>20     64    00    7    ok
  21.123  255.3ms  20>21     64    00    6    ok
  21.123  204.4ms  21>20     65    00    5    ok
  21.123    0.0ms  21>20     65    00    5    ok
  21.174   51.4ms  21>20     65    00    5    ok
  21.174  103.9ms  21>20     61    00    5    ok
  21.174  103.8ms  3e>22     01    35    1    ok
  21.226  155.4ms  22>3e     04    35    2    ok
  21.226  155.4ms  21>20     64    00    7    ok
  21.226  103.2ms  20>21     64    00    6    ok
  21.226   51.7ms  21>20     61    00    5    ok
  21.277  308.1ms  3e>20     01    da    1    ok
  21.277  257.0ms  20>3e     04    da    12   ok
  21.277   50.9ms  21>20     61    00    5    ok
  21.277    0.1ms  3e>20     01    b0    1    ok
  21.328   51.2ms  20>3e     04    b0    52   ok
  21.328  102.1ms  21>20     64    00    7    ok
  21.328  102.1ms  20>21     64    00    6    ok
  21.328  153.8ms  21>20     65    00    5    ok
  21.328    0.0ms  21>20     65    00    5    ok
  21.380   51.9ms  21>20     65    00    5    ok
  21.380    0.0ms  21>20     65    00    5    ok
  21.430  153.5ms  21>20     61    00    5    ok
  21.430  153.5ms  3e>20     01    25    1    ok
  21.430  102.4ms  20>3e     04    25    2    ok
  21.430    0.1ms  21>20     61    00    5    ok
  21.481  152.9ms  21>20     64    00    7    ok
  21.481  152.9ms  20>21     64    00    6    ok
  21.481   50.6ms  21>20     61    00    5    ok
  21.531  101.0ms  3e>20     01    b4    1    ok
  21.531  101.1ms  20>3e     04    b4    6    ok
  21.531   50.5ms  21>20     64    00    7    ok
  21.531   50.5ms  20>21     64    00    6    ok
  21.531   50.5ms  21>20     61    00    5    ok
  21.585  410.6ms  3e>22     01    33    1    ok
  21.585  359.1ms  22>3e     04    33    4    BAD
  21.637  105.2ms  3e>20     01    b4    1    ok
  21.637  105.2ms  20>3e     04    b4    6    ok
  21.637  105.2ms  21>20     64    00    7    ok
  21.637  105.2ms  20>21     64    00    6    ok
  21.637  256.7ms  21>20     65    00    5    ok
  21.689  157.5ms  21>20     61    00    5    ok
  21.689  104.1ms  3e>22     01    35    1    ok
  21.689  104.1ms  22>3e     04    35    2    ok
  21.739  102.5ms  21>20     64    00    7    ok
  21.739  102.5ms  20>21     64    00    6    ok
  21.739  102.5ms  21>20     65    00    5    ok
  21.739   50.2ms  21>20     61    00    5    ok
  21.789  100.4ms  3e>22     01    35    1    ok
  21.789  100.4ms  22>3e     04    35    2    ok
  21.789   50.3ms  21>20     61    00    5    ok
  21.789  152.9ms  3e>20     01    da    1    ok
  21.842  205.5ms  20>3e     04    da    12   ok
  21.842  103.1ms  21>20     64    00    7    ok
  21.842  103.1ms  20>21     64    00    6    ok
  21.842  103.1ms  21>20     65    00    5    ok
  21.893  103.6ms  21>20     61    00    5    ok
  21.893  103.6ms  3e>20     01    da    1    ok
  21.893   51.0ms  20>3e     04    da    12   ok
  21.893   50.9ms  21>20     64    00    7    ok
  21.947  104.5ms  20>21     64    00    6    ok
  21.947  104.6ms  21>20     65    00    5    ok
  21.947   53.7ms  21>20     61    00    5    ok
  21.999  105.7ms  3e>20     01    b4    1    ok
  21.999  105.7ms  20>3e     04    b4    6    ok
  21.999  105.7ms  21>20     64    00    7    ok
  21.999   52.1ms  20>21     64    00    6    ok
  21.999   52.1ms  21>20     65    00    5    ok
  22.049  102.6ms  21>20     61    00    5    ok
  22.049  260.1ms  3e>22     01    33    1    ok
  22.049  260.0ms  22>3e     04    33    4    ok
  22.049    0.1ms  21>20     61    00    5    ok
  22.100  101.2ms  3e>20     01    b4    1    ok
  22.100  101.2ms  20>3e     04    b4    6    ok
  22.100  101.4ms  21>20     64    00    7    ok
  22.100  101.4ms  20>21     64    00    6    ok
  22.150  151.5ms  21>20     65    00    5    ok
  22.150  100.9ms  21>20     61    00    5    ok
  22.150  100.9ms  3e>22     01    33    1    ok
  22.201    0.0ms  3e>04     33    f0    34   BAD
  22.252  151.6ms  21>20     64    00    7    ok
  22.252  151.6ms  20>21     64    00    6    ok
  22.252  101.5ms  21>20     65    00    5    ok
  22.252  101.5ms  21>20     61    00    5    ok
  22.304  203.5ms  3e>20     01    da    1    ok
  22.304  203.5ms  20>3e     04    da    12   ok
  22.304   51.7ms  21>20     64    00    7    ok
  22.304   51.7ms  20>21     64    00    6    ok
  22.354  101.9ms  21>20     65    00    5    ok
  22.354  101.9ms  21>20     61    00    5    ok
  22.354   50.3ms  3e>20     01    da    1    ok
  22.354   50.3ms  20>3e     04    da    12   ok
  22.407  103.1ms  21>20     64    00    7    ok
  22.407  103.2ms  20>21     64    00    6    ok
  22.407   53.0ms  21>20     61    00    5    ok
  22.458  104.5ms  3e>20     01    75    1    ok
  22.458  104.5ms  20>3e     04    75    2    ok
  22.458   51.6ms  21>20     64    00    7    ok
  22.458   51.6ms  20>21     64    00    6    ok
  22.458   51.6ms  21>20     61    00    5    ok
  22.510   51.4ms  3e>20     01    b4    1    ok
  22.510   51.4ms  20>3e     04    b4    6    ok
  22.510   51.4ms  21>20     61    00    5    ok
  22.510    0.1ms  3e>20     01    75    1    ok
  22.561   51.6ms  20>3e     04    75    2    ok
  22.561  103.1ms  21>20     64    00    7    ok
  22.561  103.1ms  20>21     64    00    6    ok
  22.561   51.7ms  21>20     61    00    5    ok
  22.612  461.6ms  3e>22     01    33    1    ok
  22.612  562.6ms  22>3e     04    33    4    ok
  22.612   50.6ms  21>20     61    00    5    ok
  22.612  102.3ms  3e>20     01    b4    1    ok
  22.665  103.3ms  20>3e     04    b4    6    ok
  22.665  103.3ms  21>20     64    00    7    ok
  22.665  103.3ms  20>21     64    00    6    ok
  22.665  311.1ms  21>20     65    00    5    ok
  22.716  103.9ms  21>20     61    00    5    ok
  22.716  104.0ms  3e>22     01    35    1    ok
  22.716  104.0ms  22>3e     04    35    2    ok
  22.716   51.3ms  21>20     64    00    7    ok
  22.767  102.6ms  20>21     64    00    6    ok
  22.767  102.6ms  21>20     65    00    5    ok
  22.767   51.5ms  21>20     61    00    5    ok
  22.818  102.3ms  3e>22     01    35    1    ok
  22.818  102.4ms  22>3e     04    35    2    ok
  22.818   51.0ms  21>20     61    00    5    ok
  22.818  206.3ms  3e>20     01    da    1    ok
  22.818  153.7ms  20>3e     04    da    12   ok
  22.870  154.2ms  21>20     64    00    7    ok
  22.870  102.9ms  20>21     64    00    6    ok
  22.870   51.9ms  21>20     61    00    5    ok
  22.870   51.9ms  3e>20     01    da    1    ok
  22.922  104.1ms  20>3e     04    da    12   ok
  22.923   52.3ms  21>20     64    00    7    ok
  22.923   52.3ms  20>21     64    00    6    ok
  22.923  155.1ms  21>20     65    00    5    ok
  22.973  102.8ms  21>20     61    00    5    ok
  22.973  102.8ms  3e>20     01    b4    1    ok
  22.973   50.6ms  20>3e     04    b4    6    ok
  22.973   50.6ms  21>20     64    00    7    ok
  23.026  103.3ms  20>21     64    00    6    ok
  23.026  103.3ms  21>20     65    00    5    ok
  23.026    0.0ms  21>20     65    00    5    ok
  23.077  104.2ms  21>20     61    00    5    ok
  23.077  258.9ms  3e>22     01    33    1    ok
  23.077  258.9ms  22>3e     04    33    4    ok
  23.077    0.1ms  21>20     61    00    5    ok
  23.128  155.4ms  3e>20     01    b4    1    ok
  23.128  155.4ms  20>3e     04    b4    6    ok
  23.128   51.2ms  21>20     61    00    5    ok
  23.179  101.8ms  3e>22     01    35    1    ok
  23.179  101.9ms  22>3e     04    35    2    ok
  23.179  206.1ms  21>20     64    00    7    ok
  23.179  153.4ms  20>21     64    00    6    ok
  23.179  153.3ms  21>20     65    00    5    ok
  23.231   51.5ms  21>20     65    00    5    ok
  23.231  102.3ms  21>20     61    00    5    ok
  23.231   51.7ms  3e>22     01    35    1    ok
  23.281  102.1ms  22>3e     04    35    2    ok
  23.281   50.5ms  21>20     61    00    5    ok
  23.281  152.8ms  3e>20     01    da    1    ok
  23.281  152.8ms  20>3e     04    da    12   ok
  23.331  152.2ms  21>20     64    00    7    ok
  23.331  152.2ms  20>21     64    00    6    ok
  23.331  100.7ms  21>20     65    00    5    ok
  23.331   50.2ms  21>20     61    00    5    ok
  23.382  100.7ms  3e>20     01    da    1    ok
  23.382  100.7ms  20>3e     04    da    12   ok
  23.382   50.7ms  21>20     64    00    7    ok
  23.382   50.6ms  20>21     64    00    6    ok
  23.432  100.8ms  21>20     61    00    5    ok
  23.432   50.3ms  3e>20     01    b4    1    ok
  23.432   50.3ms  20>3e     04    b4    6    ok
  23.432   50.3ms  21>20     64    00    7    ok
  23.484  101.8ms  20>21     64    00    6    ok
  23.484  152.5ms  21>20     65    00    5    ok
  23.484   51.7ms  21>20     61    00    5    ok
  23.535  303.9ms  3e>22     01    33    1    ok
  23.535  253.5ms  22>3e     04    33    4    ok
  23.535   50.8ms  21>20     61    00    5    ok
  23.535  102.5ms  3e>20     01    b4    1    ok
  23.587  155.2ms  20>3e     04    b4    6    ok
  23.588  155.2ms  21>20     64    00    7    ok
  23.588  103.7ms  20>21     64    00    6    ok
  23.588   52.8ms  21>20     61    00    5    ok
  23.639  103.9ms  3e>22     01    33    1    ok
  23.639  103.9ms  22>3e     04    33    4    ok
  23.639   51.2ms  21>20     61    00    5    ok
  23.639    0.1ms  3e>22     01    35    1    ok
  23.692   53.1ms  22>3e     04    35    2    ok
  23.692  104.3ms  21>20     64    00    7    ok
  23.692  104.2ms  20>21     64    00    6    ok
  23.692  207.9ms  21>20     65    00    5    ok
  23.692   53.1ms  21>20     61    00    5    ok
  23.744  104.9ms  3e>22     01    35    1    ok
  23.744   51.9ms  22>3e     04    35    2    ok
  23.744   51.9ms  21>20     61    00    5    ok
  23.794  259.5ms  3e>20     01    da    1    ok
  23.794  206.8ms  20>3e     04    da    12   ok
  23.794  102.5ms  21>20     64    00    7    ok
  23.794  102.5ms  20>21     64    00    6    ok
  23.794  102.5ms  21>20     65    00    5    ok
  23.847   52.7ms  21>20     65    00    5    ok
  23.847    0.0ms  21>20     65    00    5    ok
  23.898   50.9ms  21>20     65    00    5    ok
  23.898  154.4ms  21>20     61    00    5    ok
  23.898  103.9ms  3e>20     01    75    1    ok
  23.948  154.0ms  20>3e     04    75    2    ok
  23.948  154.0ms  21>20     64    00    7    ok
  23.948  154.0ms  20>21     64    00    6    ok
  23.948   50.2ms  21>20     61    00    5    ok
  23.999  100.8ms  3e>20     01    7b    1    ok
  23.999   50.8ms  20>3e     04    7b    6    ok
  23.999   50.7ms  21>20     61    00    5    ok
  23.999    0.1ms  3e>20     01    da    1    ok
  23.999    0.0ms  20>3e     04    da    12   ok
  24.050   51.2ms  21>20     61    00    5    ok
  24.050   51.2ms  3e>20     01    76    1    ok
  24.050   51.2ms  20>3e     04    76    2    ok
  24.101  152.4ms  21>20     64    00    7    ok
  24.101  152.5ms  20>21     64    00    6    ok
  24.101  202.7ms  21>20     65    00    5    ok
  24.101    0.0ms  21>20     65    00    5    ok
  24.152  102.3ms  21>20     61    00    5    ok
  24.152  102.3ms  3e>20     01    b4    1    ok
  24.152  102.3ms  20>3e     04    b4    6    ok
  24.152    0.1ms  21>20     61    00    5    ok
  24.204   51.7ms  3e>20     01    b4    1    ok
  24.204   51.7ms  20>3e     04    b4    6    ok
  24.204   51.7ms  21>20     61    00    5    ok
  24.255  511.2ms  3e>22     01    33    1    ok
  24.255  511.1ms  22>3e     04    33    4    ok
  24.255   50.6ms  21>20     61    00    5    ok
  24.255    0.0ms  3e>22     01    33    1    ok
  24.305   50.6ms  22>3e     04    33    4    ok
  24.305  204.8ms  21>20     64    00    7    ok
  24.305  204.7ms  20>21     64    00    6    ok
  24.306  204.7ms  21>20     65    00    5    ok
  24.356  101.0ms  21>20     61    00    5    ok
  24.356  101.1ms  3e>22     01    35    1    ok
  24.356   50.5ms  22>3e     04    35    2    ok
  24.356   50.5ms  21>20     64    00    7    ok
  24.407  102.0ms  20>21     64    00    6    ok
  24.408  102.0ms  21>20     65    00    5    ok
  24.408    0.0ms  21>20     65    00    5    ok
  24.459  102.9ms  21>20     61    00    5    ok
  24.459  254.7ms  3e>20     01    da    1    ok
  24.459  254.7ms  20>3e     04    da    12   ok
  24.459    0.1ms  21>20     61    00    5    ok
  24.509   50.2ms  3e>20     01    da    1    ok
  24.509   50.2ms  20>3e     04    da    12   ok
  24.509  153.1ms  21>20     64    00    7    ok
  24.509  101.6ms  20>21     64    00    6    ok
  24.560  152.3ms  21>20     65    00    5    ok
  24.560    0.0ms  21>20     65    00    5    ok
  24.560    0.0ms  21>20     65    00    5    ok
  24.612   52.3ms  21>20     65    00    5    ok
  24.612  153.4ms  21>20     61    00    5    ok
  24.662  153.4ms  3e>20     01    b4    1    ok
  24.662  153.4ms  20>3e     04    b4    6    ok
  24.662   50.2ms  21>20     61    00    5    ok
  24.662    0.1ms  3e>20     01    b4    1    ok
  24.663    0.0ms  20>3e     04    b4    6    ok
  24.713   50.8ms  21>20     61    00    5    ok
  24.713  357.4ms  3e>22     01    33    1    ok
  24.713  357.4ms  22>3e     04    33    4    ok
  24.713    0.1ms  21>20     61    00    5    ok
  24.764   50.6ms  3e>22     01    33    1    ok
  24.764   50.6ms  22>3e     04    33    4    ok
  24.764  254.9ms  21>20     64    00    7    ok
  24.764  254.9ms  20>21     64    00    6    ok
  24.814  100.9ms  21>20     61    00    5    ok
  24.814   50.3ms  3e>22     01    35    1    ok
  24.814   50.3ms  22>3e     04    35    2    ok
  24.814    0.1ms  21>20     61    00    5    ok
  24.866   51.7ms  3e>22     01    35    1    ok
  24.866   51.7ms  22>3e     04    35    2    ok
  24.866  102.1ms  21>20     64    00    7    ok
  24.917  152.7ms  20>21     64    00    6    ok
  24.917  304.5ms  21>20     65    00    5    ok
  24.917    0.0ms  21>20     65    00    5    ok
  24.917  102.5ms  21>20     61    00    5    ok
  24.967  304.8ms  3e>20     01    da    1    ok
  24.967  304.8ms  20>3e     04    da    12   ok
  24.967  101.3ms  21>20     64    00    7    ok
  24.967   50.6ms  20>21     64    00    6    ok
  25.018  101.5ms  21>20     65    00    5    ok
  25.018    0.0ms  21>20     65    00    5    ok
  25.018    0.0ms  21>20     65    00    5    ok
  25.071  154.2ms  21>20     61    00    5    ok
  25.071  103.8ms  3e>20     01    75    1    ok
  25.071  103.8ms  20>3e     04    75    2    ok
  25.123   51.6ms  21>20     61    00    5    ok
  25.123   51.6ms  3e>20     01    75    1    ok
  25.123   51.6ms  20>3e     04    75    2    ok
  25.123    0.0ms  21>20     61    00    5    ok
  25.174   51.1ms  3e>20     01    b4    1    ok
  25.174   51.1ms  20>3e     04    b4    6    ok
  25.174   51.2ms  21>20     61    00    5    ok
  25.174    0.1ms  3e>20     01    b4    1    ok
  25.225   50.9ms  20>3e     04    b4    6    ok
  25.225   50.9ms  21>20     61    00    5    ok
  25.225  358.8ms  3e>22     01    33    1    ok
  25.225  358.8ms  22>3e     04    33    4    ok
  25.275   50.2ms  21>20     61    00    5    ok
  25.275   50.2ms  3e>22     01    33    1    ok
  25.275   50.2ms  22>3e     04    33    4    ok
  25.275  307.7ms  21>20     64    00    7    ok
  25.326  358.3ms  20>21     64    00    6    ok
  25.326  307.4ms  21>20     65    00    5    ok
  25.326   50.7ms  21>20     61    00    5    ok
  25.376  101.2ms  3e>22     01    35    1    ok
  25.376  101.2ms  22>3e     04    35    2    ok
  25.376   50.5ms  21>20     61    00    5    ok
  25.376    0.1ms  3e>22     01    35    1    ok
  25.429   52.7ms  22>3e     04    35    2    ok
  25.429  154.0ms  21>20     64    00    7    ok
  25.429  103.4ms  20>21     64    00    6    ok
  25.429  103.4ms  21>20     65    00    5    ok
  25.480  104.0ms  21>20     61    00    5    ok
  25.480  306.4ms  3e>20     01    da    1    ok
  25.480  255.5ms  20>3e     04    da    12   ok
  25.480    0.0ms  21>20     61    00    5    ok
  25.533   52.9ms  3e>20     01    da    1    ok
  25.533   52.9ms  20>3e     04    da    12   ok
  25.533  104.3ms  21>20     64    00    7    ok
  25.533  104.2ms  20>21     64    00    6    ok
  25.584  155.2ms  21>20     65    00    5    ok
  25.584    0.0ms  21>20     65    00    5    ok
  25.584  104.0ms  21>20     61    00    5    ok
  25.634  101.3ms  3e>20     01    b4    1    ok
  25.634  101.3ms  20>3e     04    b4    6    ok
  25.634   50.2ms  21>20     61    00    5    ok
  25.634    0.1ms  3e>20     01    b4    1    ok
  25.687   52.5ms  20>3e     04    b4    6    ok
  25.687  153.8ms  21>20     64    00    7    ok
  25.687  153.8ms  20>21     64    00    6    ok
  25.687   52.6ms  21>20     61    00    5    ok
  25.738  361.5ms  3e>22     01    33    1    ok
  25.738  308.9ms  22>3e     04    33    4    ok
  25.738   50.7ms  21>20     61    00    5    ok
  25.738    0.0ms  3e>22     01    33    1    ok
  25.791   53.2ms  22>3e     04    33    4    ok
  25.791  104.0ms  21>20     64    00    7    ok
  25.791  104.0ms  20>21     64    00    6    ok
  25.791  206.9ms  21>20     65    00    5    ok
  25.842  103.8ms  21>20     61    00    5    ok
  25.842  103.9ms  3e>22     01    35    1    ok
  25.842   50.6ms  22>3e     04    35    2    ok
  25.842    0.1ms  21>20     61    00    5    ok
  25.895   53.3ms  3e>22     01    35    1    ok
  25.895   53.3ms  22>3e     04    35    2    ok
  25.895   53.3ms  21>20     61    00    5    ok
  25.895  260.5ms  3e>20     01    da    1    ok
  25.947  259.7ms  20>3e     04    da    12   ok
  25.947   51.7ms  21>20     61    00    5    ok
  25.947   51.7ms  3e>20     01    da    1    ok
  25.997   50.3ms  20>3e     04    da    12   ok
  25.997  206.0ms  21>20     64    00    7    ok
  25.997  206.0ms  20>21     64    00    6    ok
  25.997  206.0ms  21>20     65    00    5    ok
  25.997    0.0ms  21>20     65    00    5    ok
  26.049   52.3ms  21>20     65    00    5    ok
  26.049    0.0ms  21>20     65    00    5    ok
  26.100  153.3ms  21>20     61    00    5    ok
  26.100  153.3ms  3e>20     01    b4    1    ok
  26.100  103.0ms  20>3e     04    b4    6    ok
  26.100  103.0ms  21>20     64    00    7    ok
  26.153  156.3ms  20>21     64    00    6    ok
  26.153  104.0ms  21>20     65    00    5    ok
  26.153    0.0ms  21>20     65    00    5    ok
  26.205  104.6ms  21>20     61    00    5    ok
  26.205  309.7ms  3e>22     01    33    1    ok
  26.205  309.7ms  22>3e     04    33    4    ok
  26.205    0.1ms  21>20     61    00    5    ok
  26.255   50.7ms  3e>22     01    33    1    ok
  26.255   50.7ms  22>3e     04    33    4    ok
  26.255   50.7ms  21>20     61    00    5    ok
  26.255    0.1ms  3e>22     01    35    1    ok
  26.306   51.0ms  22>3e     04    35    2    ok
  26.306   51.0ms  21>20     61    00    5    ok
  26.306   51.0ms  3e>22     01    35    1    ok
  26.306    0.1ms  22>3e     04    35    2    ok
  26.357  256.6ms  21>20     64    00    7    ok
  26.357  203.3ms  20>21     64    00    6    ok
  26.357  203.3ms  21>20     65    00    5    ok
  26.357   50.3ms  21>20     61    00    5    ok
  26.408  308.1ms  3e>20     01    da    1    ok
  26.408  308.1ms  20>3e     04    da    12   ok
  26.408   51.4ms  21>20     61    00    5    ok
  26.459   50.6ms  3e>20     01    b0    1    ok
  26.459   50.6ms  20>3e     04    b0    52   ok
  26.459  102.1ms  21>20     64    00    7    ok
  26.459  102.0ms  20>21     64    00    6    ok
  26.459  102.0ms  21>20     65    00    5    ok
  26.512   53.3ms  21>20     65    00    5    ok
  26.512    0.1ms  21>20     65    00    5    ok
  26.563  155.4ms  21>20     61    00    5    ok
  26.564  104.9ms  3e>20     01    25    1    ok
  26.564  104.8ms  20>3e     04    25    2    ok
  26.564    0.1ms  21>20     61    00    5    ok
  26.616   52.3ms  3e>20     01    32    1    ok
  26.616   52.3ms  20>3e     04    32    8    ok
  26.616   52.3ms  21>20     61    00    5    ok
  26.616    0.1ms  3e>20     01    75    1    ok
  26.668   52.5ms  20>3e     04    75    2    ok
  26.668  209.7ms  21>20     64    00    7    ok
  26.668  209.7ms  20>21     64    00    6    ok
  26.668   52.5ms  21>20     61    00    5    ok
  26.719  103.1ms  3e>20     01    7b    1    ok
  26.719   50.7ms  20>3e     04    7b    6    ok
  26.719   50.6ms  21>20     64    00    7    ok
  26.719   50.6ms  20>21     64    00    6    ok
  26.719  207.0ms  21>20     65    00    5    ok
  26.770   51.1ms  21>20     65    00    5    ok
  26.770  101.8ms  21>20     61    00    5    ok
  26.821  102.1ms  3e>20     01    76    1    ok
  26.821  102.1ms  20>3e     04    76    2    ok
  26.821  102.1ms  21>20     64    00    7    ok
  26.821  102.1ms  20>21     64    00    6    ok
  26.821   51.0ms  21>20     65    00    5    ok
  26.873  102.9ms  21>20     61    00    5    ok
  26.873   52.0ms  3e>20     01    3b    1    ok
  26.873   52.0ms  20>3e     04    3b    2    ok
  26.925   51.7ms  21>20     61    00    5    ok
  26.925   51.7ms  3e>20     01    da    1    ok
  26.925   51.7ms  20>3e     04    da    12   ok
  26.925    0.1ms  21>20     61    00    5    ok
  26.976   51.4ms  3e>20     01    b4    1    ok
  26.976   51.4ms  20>3e     04    b4    6    ok
  26.976  155.1ms  21>20     64    00    7    ok
  26.976  155.1ms  20>21     64    00    6    ok
  27.026  205.1ms  21>20     65    00    5    ok
  27.026  101.5ms  21>20     61    00    5    ok
  27.026  719.9ms  3e>22     01    33    1    ok
  27.026  719.9ms  22>3e     04    33    4    ok
  27.077   50.5ms  21>20     61    00    5    ok
  27.077  100.6ms  3e>20     01    b4    1    ok
  27.077  100.6ms  20>3e     04    b4    6    ok
  27.077    0.0ms  21>20     61    00    5    ok
  27.129  103.1ms  3e>22     01    33    1    ok
  27.129  103.1ms  22>3e     04    33    4    ok
  27.129   52.6ms  21>20     61    00    5    ok
  27.180   50.7ms  3e>22     01    35    1    ok
  27.180   50.7ms  22>3e     04    35    2    ok
  27.180  203.9ms  21>20     64    00    7    ok
  27.180  203.9ms  20>21     64    00    6    ok
  27.180  153.9ms  21>20     65    00    5    ok
  27.231  101.8ms  21>20     61    00    5    ok
  27.231  154.4ms  3e>20     01    da    1    ok
  27.231  154.5ms  20>3e     04    da    12   ok
  27.282  102.1ms  21>20     64    00    7    ok
  27.282  102.1ms  20>21     64    00    6    ok
  27.282  102.1ms  21>20     65    00    5    ok
  27.282    0.0ms  21>20     65    00    5    ok
  27.336   53.8ms  21>20     65    00    5    ok
  27.336  104.9ms  21>20     61    00    5    ok
  27.389  157.2ms  3e>20     01    da    1    ok
  27.389  157.3ms  20>3e     04    da    12   ok
  27.389  106.3ms  21>20     64    00    7    ok
  27.389  106.3ms  20>21     64    00    6    ok
  27.389   52.4ms  21>20     61    00    5    ok
  27.439   50.5ms  3e>20     01    b4    1    ok
  27.439   50.5ms  20>3e     04    b4    6    ok
  27.439   50.5ms  21>20     64    00    7    ok
  27.439   50.5ms  20>21     64    00    6    ok
  27.439   50.5ms  21>20     61    00    5    ok
  27.492  312.1ms  3e>22     01    33    1    ok
  27.492  312.1ms  22>3e     04    33    4    ok
  27.492   53.1ms  21>20     61    00    5    ok
  27.544  104.5ms  3e>20     01    b4    1    ok
  27.544  104.4ms  20>3e     04    b4    6    ok
  27.544  104.4ms  21>20     64    00    7    ok
  27.544  104.4ms  20>21     64    00    6    ok
  27.544  207.4ms  21>20     65    00    5    ok
  27.594  102.1ms  21>20     61    00    5    ok
  27.594  102.2ms  3e>22     01    33    1    ok
  27.594  102.2ms  22>3e     04    33    4    ok
  27.645   50.8ms  21>20     61    00    5    ok
  27.645   50.7ms  3e>22     01    35    1    ok
  27.645   50.7ms  22>3e     04    35    2    ok
  27.645  101.6ms  21>20     64    00    7    ok
  27.645  101.6ms  20>21     64    00    6    ok
  27.698  154.0ms  21>20     65    00    5    ok
  27.698   52.5ms  21>20     61    00    5    ok
  27.749  103.9ms  3e>22     01    35    1    ok
  27.749  103.9ms  22>3e     04    35    2    ok
  27.749   51.5ms  21>20     61    00    5    ok
  27.749  205.6ms  3e>20     01    da    1    ok
  27.749  205.6ms  20>3e     04    da    12   ok
  27.800  154.4ms  21>20     64    00    7    ok
  27.800  154.4ms  20>21     64    00    6    ok
  27.800  102.0ms  21>20     65    00    5    ok
  27.800    0.0ms  21>20     65    00    5    ok
  27.851   51.9ms  21>20     65    00    5    ok
  27.852  102.4ms  21>20     61    00    5    ok
  27.903  153.4ms  3e>20     01    75    1    ok
  27.903  153.4ms  20>3e     04    75    2    ok
  27.903  103.0ms  21>20     64    00    7    ok
  27.903  103.0ms  20>21     64    00    6    ok
  27.903   51.0ms  21>20     61    00    5    ok
  27.954   51.1ms  3e>20     01    b4    1    ok
  27.954   51.1ms  20>3e     04    b4    6    ok
  27.954   51.1ms  21>20     64    00    7    ok
  27.954   51.2ms  20>21     64    00    6    ok
  28.004  101.9ms  21>20     61    00    5    ok
  28.004   50.8ms  3e>20     01    75    1    ok
  28.004   50.8ms  20>3e     04    75    2    ok
  28.004    0.1ms  21>20     61    00    5    ok
  28.055  306.4ms  3e>22     01    33    1    ok
  28.055  306.4ms  22>3e     04    33    4    ok
  28.055   51.0ms  21>20     61    00    5    ok
  28.107  102.9ms  3e>20     01    b4    1    ok
  28.107  102.9ms  20>3e     04    b4    6    ok
  28.107  153.7ms  21>20     64    00    7    ok
  28.107  153.7ms  20>21     64    00    6    ok
  28.107  256.0ms  21>20     65    00    5    ok
  28.159   51.2ms  21>20     65    00    5    ok
  28.159    0.0ms  21>20     65    00    5    ok
  28.159    0.0ms  21>20     65    00    5    ok
  28.211  104.0ms  21>20     64    00    7    ok
  28.211  104.0ms  20>21     64    00    6    ok
  28.211  156.0ms  21>20     61    00    5    ok
  28.262  206.7ms  3e>22     01    35    1    ok
  28.262  206.7ms  22>3e     04    35    2    ok
  28.262   50.8ms  21>20     61    00    5    ok
  28.262   50.8ms  21>20     64    00    7    ok
  28.313  101.7ms  20>21     64    00    6    ok
  28.313  154.4ms  21>20     65    00    5    ok
  28.313   51.0ms  21>20     61    00    5    ok
  28.364  256.8ms  3e>20     01    da    1    ok
  28.364  256.8ms  20>3e     04    da    12   ok
  28.364  102.0ms  21>20     64    00    7    ok
  28.364   51.1ms  20>21     64    00    6    ok
  28.364   51.0ms  21>20     61    00    5    ok
  28.417   52.5ms  3e>20     01    b4    1    ok
  28.417   52.4ms  20>3e     04    b4    6    ok
  28.417   52.4ms  21>20     64    00    7    ok
  28.417   52.4ms  20>21     64    00    6    ok

frames 1947   good 1940   bad checksum 7   junk bytes 109
